Archive member included to satisfy reference by file (symbol)

c:/progra~2/gnuarm~1/102021~1.10/bin/../lib/gcc/arm-none-eabi/10.3.1/thumb/v6-m/nofp\libgcc.a(_dvmd_tls.o)
                              led-mat/CMakeFiles/led-mat.dir/C_/Users/theka/source/repos/pico-sdk/src/rp2_common/pico_divider/divider.S.obj (__aeabi_idiv0)
c:/progra~2/gnuarm~1/102021~1.10/bin/../lib/gcc/arm-none-eabi/10.3.1/../../../../arm-none-eabi/lib/thumb/v6-m/nofp\libc.a(lib_a-atoi.o)
                              led-mat/CMakeFiles/led-mat.dir/C_/Users/theka/source/repos/pico-sdk/lib/lwip/src/core/netif.c.obj (atoi)
c:/progra~2/gnuarm~1/102021~1.10/bin/../lib/gcc/arm-none-eabi/10.3.1/../../../../arm-none-eabi/lib/thumb/v6-m/nofp\libc.a(lib_a-calloc.o)
                              led-mat/CMakeFiles/led-mat.dir/C_/Users/theka/source/repos/pico-sdk/src/rp2_common/pico_malloc/pico_malloc.c.obj (calloc)
c:/progra~2/gnuarm~1/102021~1.10/bin/../lib/gcc/arm-none-eabi/10.3.1/../../../../arm-none-eabi/lib/thumb/v6-m/nofp\libc.a(lib_a-callocr.o)
                              c:/progra~2/gnuarm~1/102021~1.10/bin/../lib/gcc/arm-none-eabi/10.3.1/../../../../arm-none-eabi/lib/thumb/v6-m/nofp\libc.a(lib_a-calloc.o) (_calloc_r)
c:/progra~2/gnuarm~1/102021~1.10/bin/../lib/gcc/arm-none-eabi/10.3.1/../../../../arm-none-eabi/lib/thumb/v6-m/nofp\libc.a(lib_a-ctype_.o)
                              led-mat/CMakeFiles/led-mat.dir/C_/Users/theka/source/repos/pico-sdk/lib/lwip/src/core/dns.c.obj (_ctype_)
c:/progra~2/gnuarm~1/102021~1.10/bin/../lib/gcc/arm-none-eabi/10.3.1/../../../../arm-none-eabi/lib/thumb/v6-m/nofp\libc.a(lib_a-errno.o)
                              c:/progra~2/gnuarm~1/102021~1.10/bin/../lib/gcc/arm-none-eabi/10.3.1/../../../../arm-none-eabi/lib/thumb/v6-m/nofp\libc.a(lib_a-callocr.o) (__errno)
c:/progra~2/gnuarm~1/102021~1.10/bin/../lib/gcc/arm-none-eabi/10.3.1/../../../../arm-none-eabi/lib/thumb/v6-m/nofp\libc.a(lib_a-impure.o)
                              c:/progra~2/gnuarm~1/102021~1.10/bin/../lib/gcc/arm-none-eabi/10.3.1/../../../../arm-none-eabi/lib/thumb/v6-m/nofp\libc.a(lib_a-calloc.o) (_impure_ptr)
c:/progra~2/gnuarm~1/102021~1.10/bin/../lib/gcc/arm-none-eabi/10.3.1/../../../../arm-none-eabi/lib/thumb/v6-m/nofp\libc.a(lib_a-init.o)
                              c:/progra~2/gnuarm~1/102021~1.10/bin/../lib/gcc/arm-none-eabi/10.3.1/../../../../arm-none-eabi/lib/thumb/v6-m/nofp/crt0.o (__libc_init_array)
c:/progra~2/gnuarm~1/102021~1.10/bin/../lib/gcc/arm-none-eabi/10.3.1/../../../../arm-none-eabi/lib/thumb/v6-m/nofp\libc.a(lib_a-malloc.o)
                              led-mat/CMakeFiles/led-mat.dir/C_/Users/theka/source/repos/pico-sdk/src/rp2_common/pico_malloc/pico_malloc.c.obj (malloc)
c:/progra~2/gnuarm~1/102021~1.10/bin/../lib/gcc/arm-none-eabi/10.3.1/../../../../arm-none-eabi/lib/thumb/v6-m/nofp\libc.a(lib_a-mallocr.o)
                              c:/progra~2/gnuarm~1/102021~1.10/bin/../lib/gcc/arm-none-eabi/10.3.1/../../../../arm-none-eabi/lib/thumb/v6-m/nofp\libc.a(lib_a-callocr.o) (_malloc_r)
c:/progra~2/gnuarm~1/102021~1.10/bin/../lib/gcc/arm-none-eabi/10.3.1/../../../../arm-none-eabi/lib/thumb/v6-m/nofp\libc.a(lib_a-memcmp.o)
                              led-mat/CMakeFiles/led-mat.dir/C_/Users/theka/source/repos/pico-sdk/lib/lwip/src/netif/ethernet.c.obj (memcmp)
c:/progra~2/gnuarm~1/102021~1.10/bin/../lib/gcc/arm-none-eabi/10.3.1/../../../../arm-none-eabi/lib/thumb/v6-m/nofp\libc.a(lib_a-memmove.o)
                              led-mat/CMakeFiles/led-mat.dir/C_/Users/theka/source/repos/pico-sdk/lib/lwip/src/core/def.c.obj (memmove)
c:/progra~2/gnuarm~1/102021~1.10/bin/../lib/gcc/arm-none-eabi/10.3.1/../../../../arm-none-eabi/lib/thumb/v6-m/nofp\libc.a(lib_a-mlock.o)
                              c:/progra~2/gnuarm~1/102021~1.10/bin/../lib/gcc/arm-none-eabi/10.3.1/../../../../arm-none-eabi/lib/thumb/v6-m/nofp\libc.a(lib_a-mallocr.o) (__malloc_lock)
c:/progra~2/gnuarm~1/102021~1.10/bin/../lib/gcc/arm-none-eabi/10.3.1/../../../../arm-none-eabi/lib/thumb/v6-m/nofp\libc.a(lib_a-realloc.o)
                              led-mat/CMakeFiles/led-mat.dir/C_/Users/theka/source/repos/pico-sdk/src/rp2_common/pico_malloc/pico_malloc.c.obj (realloc)
c:/progra~2/gnuarm~1/102021~1.10/bin/../lib/gcc/arm-none-eabi/10.3.1/../../../../arm-none-eabi/lib/thumb/v6-m/nofp\libc.a(lib_a-reallocr.o)
                              c:/progra~2/gnuarm~1/102021~1.10/bin/../lib/gcc/arm-none-eabi/10.3.1/../../../../arm-none-eabi/lib/thumb/v6-m/nofp\libc.a(lib_a-realloc.o) (_realloc_r)
c:/progra~2/gnuarm~1/102021~1.10/bin/../lib/gcc/arm-none-eabi/10.3.1/../../../../arm-none-eabi/lib/thumb/v6-m/nofp\libc.a(lib_a-sbrkr.o)
                              c:/progra~2/gnuarm~1/102021~1.10/bin/../lib/gcc/arm-none-eabi/10.3.1/../../../../arm-none-eabi/lib/thumb/v6-m/nofp\libc.a(lib_a-mallocr.o) (_sbrk_r)
c:/progra~2/gnuarm~1/102021~1.10/bin/../lib/gcc/arm-none-eabi/10.3.1/../../../../arm-none-eabi/lib/thumb/v6-m/nofp\libc.a(lib_a-strlen-stub.o)
[...]
Memory Configuration

Name             Origin             Length             Attributes
FLASH            0x10000000         0x00200000         xr
RAM              0x20000000         0x00040000         xrw
SCRATCH_X        0x20040000         0x00001000         xrw
SCRATCH_Y        0x20041000         0x00001000         xrw
*default*        0x00000000         0xffffffff

Linker script and memory map

LOAD c:/progra~2/gnuarm~1/102021~1.10/bin/../lib/gcc/arm-none-eabi/10.3.1/thumb/v6-m/nofp/crti.o
LOAD c:/progra~2/gnuarm~1/102021~1.10/bin/../lib/gcc/arm-none-eabi/10.3.1/thumb/v6-m/nofp/crtbegin.o
LOAD c:/progra~2/gnuarm~1/102021~1.10/bin/../lib/gcc/arm-none-eabi/10.3.1/../../../../arm-none-eabi/lib/thumb/v6-m/nofp/crt0.o

.flash_begin    0x10000000        0x0
                0x10000000                __flash_binary_start = .

.boot2          0x10000000      0x100
                0x10000000                __boot2_start__ = .
 *(.boot2)
 .boot2         0x10000000      0x100 C:\Users\theka\AppData\Local\Temp\ccwDQcXt.o
                0x10000100                __boot2_end__ = .
                0x00000001                ASSERT (((__boot2_end__ - __boot2_start__) == 0x100), ERROR: Pico second stage bootloader must be 256 bytes in size)

.text           0x10000100    0x174b0
                0x10000100                __logical_binary_start = .
 *(.vectors)
 .vectors       0x10000100       0xd4 led-mat/CMakeFiles/led-mat.dir/C_/Users/theka/source/repos/pico-sdk/src/rp2_common/pico_standard_link/crt0.S.obj
                0x10000100                __VECTOR_TABLE
                0x10000100                __vectors
                0x100001c0                isr_invalid
                0x100001c0                __default_isrs_start
                0x100001c2                isr_nmi
                0x100001c4                isr_hardfault
                0x100001c6                isr_svcall
                0x100001c8                isr_pendsv
                0x100001ca                isr_systick
                0x100001cc                isr_irq23
                0x100001cc                isr_irq18
                0x100001cc                isr_irq11
                0x100001cc                isr_irq28
                0x100001cc                isr_irq19
                0x100001cc                isr_irq0
                0x100001cc                isr_irq6
                0x100001cc                isr_irq5
                0x100001cc                isr_irq12
                0x100001cc                isr_irq22
                0x100001cc                isr_irq31
                0x100001cc                isr_irq17
                0x100001cc                isr_irq27
                0x100001cc                isr_irq30
                0x100001cc                isr_irq2
                0x100001cc                isr_irq10
                0x100001cc                isr_irq8
                0x100001cc                isr_irq24
                0x100001cc                isr_irq1
                0x100001cc                isr_irq7
                0x100001cc                isr_irq21
                0x100001cc                isr_irq20
                0x100001cc                isr_irq15
                0x100001cc                isr_irq25
                0x100001cc                isr_irq13
                0x100001cc                __unhandled_user_irq
                0x100001cc                isr_irq4
                0x100001cc                isr_irq16
                0x100001cc                isr_irq29
                0x100001cc                isr_irq26
                0x100001cc                __default_isrs_end
                0x100001cc                isr_irq3
                0x100001cc                isr_irq14
                0x100001cc                isr_irq9
                0x100001d2                unhandled_user_irq_num_in_r0
 *(.binary_info_header)
 .binary_info_header
                0x100001d4       0x14 led-mat/CMakeFiles/led-mat.dir/C_/Users/theka/source/repos/pico-sdk/src/rp2_common/pico_standard_link/crt0.S.obj
                0x100001e8                __binary_info_header_end = .
 *(.reset)
 .reset         0x100001e8       0xa0 led-mat/CMakeFiles/led-mat.dir/C_/Users/theka/source/repos/pico-sdk/src/rp2_common/pico_standard_link/crt0.S.obj
                0x100001e8                _entry_point
 .reset         0x10000288       0x30 led-mat/CMakeFiles/led-mat.dir/C_/Users/theka/source/repos/pico-sdk/src/rp2_common/pico_standard_link/binary_info.c.obj
 *(.init)
 .init          0x100002b8        0x4 c:/progra~2/gnuarm~1/102021~1.10/bin/../lib/gcc/arm-none-eabi/10.3.1/thumb/v6-m/nofp/crti.o
                0x100002b8                _init
 *(EXCLUDE_FILE(*libm.a: *libc.a:*lib_a-mem*.o *libgcc.a:) .text*)
 .text          0x100002bc       0x48 c:/progra~2/gnuarm~1/102021~1.10/bin/../lib/gcc/arm-none-eabi/10.3.1/thumb/v6-m/nofp/crtbegin.o
 .text.hub75_data_program_init
                0x10000304      0x10c led-mat/CMakeFiles/led-mat.dir/led-mat.c.obj
                0x10000304                hub75_data_program_init
 .text.hub75_ctrl_program_init
                0x10000410      0x124 led-mat/CMakeFiles/led-mat.dir/led-mat.c.obj
                0x10000410                hub75_ctrl_program_init
 .text.flash_save
                0x10000534       0x40 led-mat/CMakeFiles/led-mat.dir/led-mat.c.obj
                0x10000534                flash_save
 .text.flash_load
                0x10000574       0x3c led-mat/CMakeFiles/led-mat.dir/led-mat.c.obj
                0x10000574                flash_load
 .text.flash_set_valid
                0x100005b0       0x58 led-mat/CMakeFiles/led-mat.dir/led-mat.c.obj
                0x100005b0                flash_set_valid
 .text.parse_color
                0x10000608      0x260 led-mat/CMakeFiles/led-mat.dir/led-mat.c.obj
                0x10000608                parse_color
 .text.inc_anim_seq
                0x10000868       0xec led-mat/CMakeFiles/led-mat.dir/led-mat.c.obj
                0x10000868                inc_anim_seq
 .text.startup.main
                0x10000954      0xc50 led-mat/CMakeFiles/led-mat.dir/led-mat.c.obj
                0x10000954                main
 .text.tcp_server_sent
                0x100015a4        0x4 led-mat/CMakeFiles/led-mat.dir/led-server.c.obj
 .text.tcp_server_poll
                0x100015a8        0x4 led-mat/CMakeFiles/led-mat.dir/led-server.c.obj
 .text.tcp_server_accept
                0x100015ac       0x94 led-mat/CMakeFiles/led-mat.dir/led-server.c.obj
 .text.tcp_server_err
                0x10001640       0x50 led-mat/CMakeFiles/led-mat.dir/led-server.c.obj
 .text.tcp_server_init
                0x10001690       0x90 led-mat/CMakeFiles/led-mat.dir/led-server.c.obj
                0x10001690                tcp_server_init
 .text.tcp_server_send_data
                0x10001720       0x70 led-mat/CMakeFiles/led-mat.dir/led-server.c.obj
                0x10001720                tcp_server_send_data
 .text.tcp_server_load_anim
                0x10001790      0x144 led-mat/CMakeFiles/led-mat.dir/led-server.c.obj
                0x10001790                tcp_server_load_anim
 .text.tcp_server_recv
                0x100018d4      0x3e0 led-mat/CMakeFiles/led-mat.dir/led-server.c.obj
                0x100018d4                tcp_server_recv
 .text.tcp_server_open
                0x10001cb4       0x70 led-mat/CMakeFiles/led-mat.dir/led-server.c.obj
                0x10001cb4                tcp_server_open
 .text.gpio_set_function
                0x10001d24       0x30 led-mat/CMakeFiles/led-mat.dir/C_/Users/theka/source/repos/pico-sdk/src/rp2_common/hardware_gpio/gpio.c.obj
                0x10001d24                gpio_set_function
 .text.gpio_set_pulls
                0x10001d54       0x30 led-mat/CMakeFiles/led-mat.dir/C_/Users/theka/source/repos/pico-sdk/src/rp2_common/hardware_gpio/gpio.c.obj
                0x10001d54                gpio_set_pulls
 .text.gpio_set_input_hysteresis_enabled
                0x10001d84       0x28 led-mat/CMakeFiles/led-mat.dir/C_/Users/theka/source/repos/pico-sdk/src/rp2_common/hardware_gpio/gpio.c.obj
                0x10001d84                gpio_set_input_hysteresis_enabled
 .text.gpio_set_irq_enabled
                0x10001dac       0x54 led-mat/CMakeFiles/led-mat.dir/C_/Users/theka/source/repos/pico-sdk/src/rp2_common/hardware_gpio/gpio.c.obj
                0x10001dac                gpio_set_irq_enabled
 .text.gpio_add_raw_irq_handler_with_order_priority_masked
                0x10001e00       0x44 led-mat/CMakeFiles/led-mat.dir/C_/Users/theka/source/repos/pico-sdk/src/rp2_common/hardware_gpio/gpio.c.obj
                0x10001e00                gpio_add_raw_irq_handler_with_order_priority_masked
 .text.gpio_remove_raw_irq_handler_masked
                0x10001e44       0x20 led-mat/CMakeFiles/led-mat.dir/C_/Users/theka/source/repos/pico-sdk/src/rp2_common/hardware_gpio/gpio.c.obj
                0x10001e44                gpio_remove_raw_irq_handler_masked
 .text.gpio_init
                0x10001e64       0x3c led-mat/CMakeFiles/led-mat.dir/C_/Users/theka/source/repos/pico-sdk/src/rp2_common/hardware_gpio/gpio.c.obj
                0x10001e64                gpio_init
 .text.running_on_fpga
                0x10001ea0       0x10 led-mat/CMakeFiles/led-mat.dir/C_/Users/theka/source/repos/pico-sdk/src/rp2_common/pico_platform/platform.c.obj
                0x10001ea0                running_on_fpga
 .text.hw_claim_lock
                0x10001eb0       0x18 led-mat/CMakeFiles/led-mat.dir/C_/Users/theka/source/repos/pico-sdk/src/rp2_common/hardware_claim/claim.c.obj
                0x10001eb0                hw_claim_lock
 .text.hw_claim_unlock
                0x10001ec8       0x14 led-mat/CMakeFiles/led-mat.dir/C_/Users/theka/source/repos/pico-sdk/src/rp2_common/hardware_claim/claim.c.obj
                0x10001ec8                hw_claim_unlock
 .text.hw_claim_or_assert
                0x10001edc       0x44 led-mat/CMakeFiles/led-mat.dir/C_/Users/theka/source/repos/pico-sdk/src/rp2_common/hardware_claim/claim.c.obj
                0x10001edc                hw_claim_or_assert
 .text.hw_claim_unused_from_range
                0x10001f20       0x9c led-mat/CMakeFiles/led-mat.dir/C_/Users/theka/source/repos/pico-sdk/src/rp2_common/hardware_claim/claim.c.obj
                0x10001f20                hw_claim_unused_from_range
 .text.hw_claim_clear
                0x10001fbc       0x38 led-mat/CMakeFiles/led-mat.dir/C_/Users/theka/source/repos/pico-sdk/src/rp2_common/hardware_claim/claim.c.obj
                0x10001fbc                hw_claim_clear
 .text.spin_locks_reset
                0x10001ff4       0x1c led-mat/CMakeFiles/led-mat.dir/C_/Users/theka/source/repos/pico-sdk/src/rp2_common/hardware_sync/sync.c.obj
                0x10001ff4                spin_locks_reset
 .text.next_striped_spin_lock_num
                0x10002010       0x18 led-mat/CMakeFiles/led-mat.dir/C_/Users/theka/source/repos/pico-sdk/src/rp2_common/hardware_sync/sync.c.obj
                0x10002010                next_striped_spin_lock_num
 .text.irq_set_enabled
                0x10002028       0x24 led-mat/CMakeFiles/led-mat.dir/C_/Users/theka/source/repos/pico-sdk/src/rp2_common/hardware_irq/irq.c.obj
                0x10002028                irq_set_enabled
 .text.irq_get_vtable_handler
                0x1000204c       0x10 led-mat/CMakeFiles/led-mat.dir/C_/Users/theka/source/repos/pico-sdk/src/rp2_common/hardware_irq/irq.c.obj
                0x1000204c                irq_get_vtable_handler
 .text.irq_set_exclusive_handler
                0x1000205c       0x54 led-mat/CMakeFiles/led-mat.dir/C_/Users/theka/source/repos/pico-sdk/src/rp2_common/hardware_irq/irq.c.obj
                0x1000205c                irq_set_exclusive_handler
 .text.irq_add_shared_handler
                0x100020b0      0x1e8 led-mat/CMakeFiles/led-mat.dir/C_/Users/theka/source/repos/pico-sdk/src/rp2_common/hardware_irq/irq.c.obj
                0x100020b0                irq_add_shared_handler
 .text.irq_remove_handler
                0x10002298      0x1b0 led-mat/CMakeFiles/led-mat.dir/C_/Users/theka/source/repos/pico-sdk/src/rp2_common/hardware_irq/irq.c.obj
                0x10002298                irq_remove_handler
 .text.irq_add_tail_to_free_list
                0x10002448       0xb4 led-mat/CMakeFiles/led-mat.dir/C_/Users/theka/source/repos/pico-sdk/src/rp2_common/hardware_irq/irq.c.obj
                0x10002448                irq_add_tail_to_free_list
 .text.irq_init_priorities
                0x100024fc       0x24 led-mat/CMakeFiles/led-mat.dir/C_/Users/theka/source/repos/pico-sdk/src/rp2_common/hardware_irq/irq.c.obj
                0x100024fc                irq_init_priorities
 .text.sem_init
                0x10002520       0x20 led-mat/CMakeFiles/led-mat.dir/C_/Users/theka/source/repos/pico-sdk/src/common/pico_sync/sem.c.obj
                0x10002520                sem_init
 .text.lock_init
                0x10002540       0x10 led-mat/CMakeFiles/led-mat.dir/C_/Users/theka/source/repos/pico-sdk/src/common/pico_sync/lock_core.c.obj
                0x10002540                lock_init
 .text.mutex_init
                0x10002550       0x1c led-mat/CMakeFiles/led-mat.dir/C_/Users/theka/source/repos/pico-sdk/src/common/pico_sync/mutex.c.obj
                0x10002550                mutex_init
 .text.recursive_mutex_init
                0x1000256c       0x1c led-mat/CMakeFiles/led-mat.dir/C_/Users/theka/source/repos/pico-sdk/src/common/pico_sync/mutex.c.obj
                0x1000256c                recursive_mutex_init
 .text.timer_pool_entry_comparator
                0x10002588       0x34 led-mat/CMakeFiles/led-mat.dir/C_/Users/theka/source/repos/pico-sdk/src/common/pico_time/time.c.obj
                0x10002588                timer_pool_entry_comparator
 .text.sleep_until_callback
                0x100025bc       0x30 led-mat/CMakeFiles/led-mat.dir/C_/Users/theka/source/repos/pico-sdk/src/common/pico_time/time.c.obj
 .text.add_alarm_under_lock.isra.0
                0x100025ec      0x100 led-mat/CMakeFiles/led-mat.dir/C_/Users/theka/source/repos/pico-sdk/src/common/pico_time/time.c.obj
 .text.alarm_pool_alarm_callback
                0x100026ec      0x1b8 led-mat/CMakeFiles/led-mat.dir/C_/Users/theka/source/repos/pico-sdk/src/common/pico_time/time.c.obj
 .text.alarm_pool_init_default
                0x100028a4       0x6c led-mat/CMakeFiles/led-mat.dir/C_/Users/theka/source/repos/pico-sdk/src/common/pico_time/time.c.obj
                0x100028a4                alarm_pool_init_default
 .text.alarm_pool_add_alarm_at
                0x10002910      0x17c led-mat/CMakeFiles/led-mat.dir/C_/Users/theka/source/repos/pico-sdk/src/common/pico_time/time.c.obj
                0x10002910                alarm_pool_add_alarm_at
 .text.alarm_pool_cancel_alarm
                0x10002a8c       0x74 led-mat/CMakeFiles/led-mat.dir/C_/Users/theka/source/repos/pico-sdk/src/common/pico_time/time.c.obj
                0x10002a8c                alarm_pool_cancel_alarm
 .text.sleep_until
                0x10002b00       0xc4 led-mat/CMakeFiles/led-mat.dir/C_/Users/theka/source/repos/pico-sdk/src/common/pico_time/time.c.obj
                0x10002b00                sleep_until
 .text.sleep_ms
                0x10002bc4       0x34 led-mat/CMakeFiles/led-mat.dir/C_/Users/theka/source/repos/pico-sdk/src/common/pico_time/time.c.obj
                0x10002bc4                sleep_ms
 .text.best_effort_wfe_or_timeout
                0x10002bf8       0x78 led-mat/CMakeFiles/led-mat.dir/C_/Users/theka/source/repos/pico-sdk/src/common/pico_time/time.c.obj
                0x10002bf8                best_effort_wfe_or_timeout
 .text.hardware_alarm_irq_handler
                0x10002c70       0xbc led-mat/CMakeFiles/led-mat.dir/C_/Users/theka/source/repos/pico-sdk/src/rp2_common/hardware_timer/timer.c.obj
 .text.hardware_alarm_claim
                0x10002d2c       0x18 led-mat/CMakeFiles/led-mat.dir/C_/Users/theka/source/repos/pico-sdk/src/rp2_common/hardware_timer/timer.c.obj
                0x10002d2c                hardware_alarm_claim
 .text.time_us_64
                0x10002d44       0x14 led-mat/CMakeFiles/led-mat.dir/C_/Users/theka/source/repos/pico-sdk/src/rp2_common/hardware_timer/timer.c.obj
                0x10002d44                time_us_64
 .text.busy_wait_until
                0x10002d58       0x20 led-mat/CMakeFiles/led-mat.dir/C_/Users/theka/source/repos/pico-sdk/src/rp2_common/hardware_timer/timer.c.obj
                0x10002d58                busy_wait_until
 .text.hardware_alarm_set_callback
                0x10002d78       0x8c led-mat/CMakeFiles/led-mat.dir/C_/Users/theka/source/repos/pico-sdk/src/rp2_common/hardware_timer/timer.c.obj
                0x10002d78                hardware_alarm_set_callback
 .text.hardware_alarm_set_target
                0x10002e04       0xe0 led-mat/CMakeFiles/led-mat.dir/C_/Users/theka/source/repos/pico-sdk/src/rp2_common/hardware_timer/timer.c.obj
                0x10002e04                hardware_alarm_set_target
 .text.hardware_alarm_cancel
                0x10002ee4       0x3c led-mat/CMakeFiles/led-mat.dir/C_/Users/theka/source/repos/pico-sdk/src/rp2_common/hardware_timer/timer.c.obj
                0x10002ee4                hardware_alarm_cancel
 .text.ph_merge_nodes
                0x10002f20       0x68 led-mat/CMakeFiles/led-mat.dir/C_/Users/theka/source/repos/pico-sdk/src/common/pico_util/pheap.c.obj
 .text.ph_post_alloc_init
                0x10002f88       0x3c led-mat/CMakeFiles/led-mat.dir/C_/Users/theka/source/repos/pico-sdk/src/common/pico_util/pheap.c.obj
                0x10002f88                ph_post_alloc_init
 .text.ph_merge_two_pass
                0x10002fc4       0x90 led-mat/CMakeFiles/led-mat.dir/C_/Users/theka/source/repos/pico-sdk/src/common/pico_util/pheap.c.obj
                0x10002fc4                ph_merge_two_pass
 .text.ph_remove_any_head
                0x10003054      0x100 led-mat/CMakeFiles/led-mat.dir/C_/Users/theka/source/repos/pico-sdk/src/common/pico_util/pheap.c.obj
 .text.ph_remove_head
                0x10003154      0x104 led-mat/CMakeFiles/led-mat.dir/C_/Users/theka/source/repos/pico-sdk/src/common/pico_util/pheap.c.obj
                0x10003154                ph_remove_head
 .text.ph_remove_and_free_node
                0x10003258       0x7c led-mat/CMakeFiles/led-mat.dir/C_/Users/theka/source/repos/pico-sdk/src/common/pico_util/pheap.c.obj
                0x10003258                ph_remove_and_free_node
 .text.uart_init
                0x100032d4       0xe0 led-mat/CMakeFiles/led-mat.dir/C_/Users/theka/source/repos/pico-sdk/src/rp2_common/hardware_uart/uart.c.obj
                0x100032d4                uart_init
 .text.clocks_init
                0x100033b4      0x2bc led-mat/CMakeFiles/led-mat.dir/C_/Users/theka/source/repos/pico-sdk/src/rp2_common/hardware_clocks/clocks.c.obj
                0x100033b4                clocks_init
 .text.clock_get_hz
                0x10003670        0xc led-mat/CMakeFiles/led-mat.dir/C_/Users/theka/source/repos/pico-sdk/src/rp2_common/hardware_clocks/clocks.c.obj
                0x10003670                clock_get_hz
 .text.pll_init
                0x1000367c       0xb0 led-mat/CMakeFiles/led-mat.dir/C_/Users/theka/source/repos/pico-sdk/src/rp2_common/hardware_pll/pll.c.obj
                0x1000367c                pll_init
 .text.watchdog_start_tick
                0x1000372c       0x10 led-mat/CMakeFiles/led-mat.dir/C_/Users/theka/source/repos/pico-sdk/src/rp2_common/hardware_watchdog/watchdog.c.obj
                0x1000372c                watchdog_start_tick
 .text.xosc_init
                0x1000373c       0x28 led-mat/CMakeFiles/led-mat.dir/C_/Users/theka/source/repos/pico-sdk/src/rp2_common/hardware_xosc/xosc.c.obj
                0x1000373c                xosc_init
 .text.runtime_init
                0x10003764       0xf0 led-mat/CMakeFiles/led-mat.dir/C_/Users/theka/source/repos/pico-sdk/src/rp2_common/pico_runtime/runtime.c.obj
                0x10003764                runtime_init
 .text._exit    0x10003854        0x4 led-mat/CMakeFiles/led-mat.dir/C_/Users/theka/source/repos/pico-sdk/src/rp2_common/pico_runtime/runtime.c.obj
                0x10003854                _exit
 .text._sbrk    0x10003858       0x34 led-mat/CMakeFiles/led-mat.dir/C_/Users/theka/source/repos/pico-sdk/src/rp2_common/pico_runtime/runtime.c.obj
                0x10003858                _sbrk
 .text.exit     0x1000388c        0x8 led-mat/CMakeFiles/led-mat.dir/C_/Users/theka/source/repos/pico-sdk/src/rp2_common/pico_runtime/runtime.c.obj
                0x1000388c                exit
 .text.panic    0x10003894       0x30 led-mat/CMakeFiles/led-mat.dir/C_/Users/theka/source/repos/pico-sdk/src/rp2_common/pico_runtime/runtime.c.obj
                0x10003894                panic
 .text.hard_assertion_failure
                0x100038c4        0xc led-mat/CMakeFiles/led-mat.dir/C_/Users/theka/source/repos/pico-sdk/src/rp2_common/pico_runtime/runtime.c.obj
                0x100038c4                hard_assertion_failure
 .text._out_buffer
                0x100038d0        0x8 led-mat/CMakeFiles/led-mat.dir/C_/Users/theka/source/repos/pico-sdk/src/rp2_common/pico_printf/printf.c.obj
 .text._out_null
                0x100038d8        0x4 led-mat/CMakeFiles/led-mat.dir/C_/Users/theka/source/repos/pico-sdk/src/rp2_common/pico_printf/printf.c.obj
 .text._out_rev
                0x100038dc       0x9c led-mat/CMakeFiles/led-mat.dir/C_/Users/theka/source/repos/pico-sdk/src/rp2_common/pico_printf/printf.c.obj
 .text._ntoa_format
                0x10003978      0x1cc led-mat/CMakeFiles/led-mat.dir/C_/Users/theka/source/repos/pico-sdk/src/rp2_common/pico_printf/printf.c.obj
 .text._out_char
                0x10003b44       0x10 led-mat/CMakeFiles/led-mat.dir/C_/Users/theka/source/repos/pico-sdk/src/rp2_common/pico_printf/printf.c.obj
 .text._out_fct
                0x10003b54       0x10 led-mat/CMakeFiles/led-mat.dir/C_/Users/theka/source/repos/pico-sdk/src/rp2_common/pico_printf/printf.c.obj
 .text._etoa    0x10003b64      0x44c led-mat/CMakeFiles/led-mat.dir/C_/Users/theka/source/repos/pico-sdk/src/rp2_common/pico_printf/printf.c.obj
 .text._ftoa    0x10003fb0      0x398 led-mat/CMakeFiles/led-mat.dir/C_/Users/theka/source/repos/pico-sdk/src/rp2_common/pico_printf/printf.c.obj
 .text._vsnprintf
                0x10004348      0xb04 led-mat/CMakeFiles/led-mat.dir/C_/Users/theka/source/repos/pico-sdk/src/rp2_common/pico_printf/printf.c.obj
 .text.__wrap_sprintf
                0x10004e4c       0x28 led-mat/CMakeFiles/led-mat.dir/C_/Users/theka/source/repos/pico-sdk/src/rp2_common/pico_printf/printf.c.obj
                0x10004e4c                __wrap_sprintf
 .text.vfctprintf
                0x10004e74       0x20 led-mat/CMakeFiles/led-mat.dir/C_/Users/theka/source/repos/pico-sdk/src/rp2_common/pico_printf/printf.c.obj
                0x10004e74                vfctprintf
 .text.weak_raw_vprintf
                0x10004e94       0x30 led-mat/CMakeFiles/led-mat.dir/C_/Users/theka/source/repos/pico-sdk/src/rp2_common/pico_printf/printf.c.obj
                0x10004e94                weak_raw_vprintf
 .text          0x10004ec4       0x10 led-mat/CMakeFiles/led-mat.dir/C_/Users/theka/source/repos/pico-sdk/src/rp2_common/pico_bit_ops/bit_ops_aeabi.S.obj
 .text.ctzsi    0x10004ed4        0xc led-mat/CMakeFiles/led-mat.dir/C_/Users/theka/source/repos/pico-sdk/src/rp2_common/pico_bit_ops/bit_ops_aeabi.S.obj
                0x10004ed4                __wrap___ctzsi2
 .text.rom_func_lookup
                0x10004ee0       0x10 led-mat/CMakeFiles/led-mat.dir/C_/Users/theka/source/repos/pico-sdk/src/rp2_common/pico_bootrom/bootrom.c.obj
                0x10004ee0                rom_func_lookup
 .text.rom_data_lookup
                0x10004ef0       0x10 led-mat/CMakeFiles/led-mat.dir/C_/Users/theka/source/repos/pico-sdk/src/rp2_common/pico_bootrom/bootrom.c.obj
                0x10004ef0                rom_data_lookup
 .text.rom_funcs_lookup
                0x10004f00       0x44 led-mat/CMakeFiles/led-mat.dir/C_/Users/theka/source/repos/pico-sdk/src/rp2_common/pico_bootrom/bootrom.c.obj
                0x10004f00                rom_funcs_lookup
 .text.__wrap___aeabi_idiv
                0x10004f44       0x50 led-mat/CMakeFiles/led-mat.dir/C_/Users/theka/source/repos/pico-sdk/src/rp2_common/pico_divider/divider.S.obj
                0x10004f44                __wrap___aeabi_idivmod
                0x10004f44                divmod_s32s32
                0x10004f44                div_s32s32
                0x10004f44                __wrap___aeabi_idiv
                0x10004f4c                divmod_s32s32_unsafe
                0x10004f78                divmod_s32s32_savestate
 .text.__wrap___aeabi_uidiv
                0x10004f94       0x4c led-mat/CMakeFiles/led-mat.dir/C_/Users/theka/source/repos/pico-sdk/src/rp2_common/pico_divider/divider.S.obj
                0x10004f94                __wrap___aeabi_uidiv
                0x10004f94                __wrap___aeabi_uidivmod
                0x10004f94                div_u32u32
                0x10004f94                divmod_u32u32
                0x10004f9c                divmod_u32u32_unsafe
                0x10004fc4                divmod_u32u32_savestate
 .text.__wrap___aeabi_ldiv
                0x10004fe0      0x424 led-mat/CMakeFiles/led-mat.dir/C_/Users/theka/source/repos/pico-sdk/src/rp2_common/pico_divider/divider.S.obj
                0x10004fe0                div_s64s64
                0x10004fe0                divmod_s64s64
                0x10004fe0                __wrap___aeabi_ldivmod
                0x10005010                divmod_u64u64
                0x10005010                div_u64u64
                0x10005010                __wrap___aeabi_uldivmod
                0x10005020                divmod_u64u64_savestate
                0x10005040                divmod_s64s64_unsafe
                0x100050c8                divmod_u64u64_unsafe
 .text.__wrap___aeabi_darithmetic
                0x10005404       0x60 led-mat/CMakeFiles/led-mat.dir/C_/Users/theka/source/repos/pico-sdk/src/rp2_common/pico_double/double_aeabi.S.obj
                0x10005404                __wrap___aeabi_drsub
                0x1000540a                __wrap___aeabi_dsub
                0x10005414                __wrap___aeabi_dadd
                0x1000541e                __wrap___aeabi_ddiv
                0x10005452                __wrap___aeabi_dmul
 .text.__wrap___aeabi_cdcmple
                0x10005464       0x6c led-mat/CMakeFiles/led-mat.dir/C_/Users/theka/source/repos/pico-sdk/src/rp2_common/pico_double/double_aeabi.S.obj
                0x10005464                __wrap___aeabi_cdrcmple
                0x10005474                __wrap___aeabi_cdcmpeq
                0x10005474                __wrap___aeabi_cdcmple
 .text.__wrap___aeabi_dcmplt
                0x100054d0        0xc led-mat/CMakeFiles/led-mat.dir/C_/Users/theka/source/repos/pico-sdk/src/rp2_common/pico_double/double_aeabi.S.obj
                0x100054d0                __wrap___aeabi_dcmplt
 .text.__wrap___aeabi_dcmple
                0x100054dc       0x10 led-mat/CMakeFiles/led-mat.dir/C_/Users/theka/source/repos/pico-sdk/src/rp2_common/pico_double/double_aeabi.S.obj
                0x100054dc                __wrap___aeabi_dcmple
 .text.__wrap___aeabi_dcmpge
                0x100054ec       0x10 led-mat/CMakeFiles/led-mat.dir/C_/Users/theka/source/repos/pico-sdk/src/rp2_common/pico_double/double_aeabi.S.obj
                0x100054ec                __wrap___aeabi_dcmpge
 .text.__wrap___aeabi_dcmpgt
                0x100054fc        0xa led-mat/CMakeFiles/led-mat.dir/C_/Users/theka/source/repos/pico-sdk/src/rp2_common/pico_double/double_aeabi.S.obj
                0x100054fc                __wrap___aeabi_dcmpgt
 .text.__wrap___aeabi_dcmpun
                0x10005506       0x1c led-mat/CMakeFiles/led-mat.dir/C_/Users/theka/source/repos/pico-sdk/src/rp2_common/pico_double/double_aeabi.S.obj
                0x10005506                __wrap___aeabi_dcmpun
 *fill*         0x10005522        0x2 
 .text.__wrap___aeabi_i2d
                0x10005524       0x38 led-mat/CMakeFiles/led-mat.dir/C_/Users/theka/source/repos/pico-sdk/src/rp2_common/pico_double/double_aeabi.S.obj
                0x10005524                __wrap___aeabi_ui2d
                0x1000552c                __wrap___aeabi_i2d
 .text.__wrap___aeabi_d2iz
                0x1000555c       0x48 led-mat/CMakeFiles/led-mat.dir/C_/Users/theka/source/repos/pico-sdk/src/rp2_common/pico_double/double_aeabi.S.obj
                0x1000555c                double2int_z
                0x1000555c                __wrap___aeabi_d2iz
 .text.__wrap___aeabi_d2uiz
                0x100055a4       0x10 led-mat/CMakeFiles/led-mat.dir/C_/Users/theka/source/repos/pico-sdk/src/rp2_common/pico_double/double_aeabi.S.obj
                0x100055a4                __wrap___aeabi_d2uiz
                0x100055a4                double2uint
 .text.missing_double_func_shim
                0x100055b4        0xc led-mat/CMakeFiles/led-mat.dir/C_/Users/theka/source/repos/pico-sdk/src/rp2_common/pico_double/double_init_rom.c.obj
 .text.__aeabi_double_init
                0x100055c0       0x98 led-mat/CMakeFiles/led-mat.dir/C_/Users/theka/source/repos/pico-sdk/src/rp2_common/pico_double/double_init_rom.c.obj
                0x100055c0                __aeabi_double_init
 .text.double_table_shim_on_use_helper
                0x10005658       0x2c led-mat/CMakeFiles/led-mat.dir/C_/Users/theka/source/repos/pico-sdk/src/rp2_common/pico_double/double_v1_rom_shim.S.obj
                0x10005658                double_table_shim_on_use_helper
 .text.__aeabi_lmul
                0x10005684       0x32 led-mat/CMakeFiles/led-mat.dir/C_/Users/theka/source/repos/pico-sdk/src/rp2_common/pico_int64_ops/pico_int64_ops_aeabi.S.obj
                0x10005684                __wrap___aeabi_lmul
 *fill*         0x100056b6        0x2 
 .text.__wrap___aeabi_farithmetic
                0x100056b8       0x48 led-mat/CMakeFiles/led-mat.dir/C_/Users/theka/source/repos/pico-sdk/src/rp2_common/pico_float/float_aeabi.S.obj
                0x100056b8                __wrap___aeabi_frsub
                0x100056be                __wrap___aeabi_fsub
                0x100056c4                __wrap___aeabi_fadd
                0x100056ca                __wrap___aeabi_fdiv
                0x100056f2                __wrap___aeabi_fmul
 .text.__wrap___aeabi_ui2f
                0x10005700        0xa led-mat/CMakeFiles/led-mat.dir/C_/Users/theka/source/repos/pico-sdk/src/rp2_common/pico_float/float_aeabi.S.obj
                0x10005700                __wrap___aeabi_ui2f
 *fill*         0x1000570a        0x2 
 .text.__wrap___aeabi_i2f
                0x1000570c       0x44 led-mat/CMakeFiles/led-mat.dir/C_/Users/theka/source/repos/pico-sdk/src/rp2_common/pico_float/float_aeabi.S.obj
                0x1000570c                __wrap___aeabi_i2f
 .text.__wrap___aeabi_f2uiz
                0x10005750        0xc led-mat/CMakeFiles/led-mat.dir/C_/Users/theka/source/repos/pico-sdk/src/rp2_common/pico_float/float_aeabi.S.obj
                0x10005750                __wrap___aeabi_f2uiz
 .text.missing_float_func_shim
                0x1000575c        0xc led-mat/CMakeFiles/led-mat.dir/C_/Users/theka/source/repos/pico-sdk/src/rp2_common/pico_float/float_init_rom.c.obj
 .text.__aeabi_float_init
                0x10005768       0x5c led-mat/CMakeFiles/led-mat.dir/C_/Users/theka/source/repos/pico-sdk/src/rp2_common/pico_float/float_init_rom.c.obj
                0x10005768                __aeabi_float_init
 .text.__wrap_malloc
                0x100057c4       0x24 led-mat/CMakeFiles/led-mat.dir/C_/Users/theka/source/repos/pico-sdk/src/rp2_common/pico_malloc/pico_malloc.c.obj
                0x100057c4                __wrap_malloc
 .text.__wrap_free
                0x100057e8        0x8 led-mat/CMakeFiles/led-mat.dir/C_/Users/theka/source/repos/pico-sdk/src/rp2_common/pico_malloc/pico_malloc.c.obj
                0x100057e8                __wrap_free
 .text          0x100057f0       0x10 led-mat/CMakeFiles/led-mat.dir/C_/Users/theka/source/repos/pico-sdk/src/rp2_common/pico_mem_ops/mem_ops_aeabi.S.obj
                0x100057f0                __aeabi_mem_init
 .text.memset   0x10005800        0xc led-mat/CMakeFiles/led-mat.dir/C_/Users/theka/source/repos/pico-sdk/src/rp2_common/pico_mem_ops/mem_ops_aeabi.S.obj
                0x10005800                __wrap_memset
 .text.memcpy   0x1000580c        0xc led-mat/CMakeFiles/led-mat.dir/C_/Users/theka/source/repos/pico-sdk/src/rp2_common/pico_mem_ops/mem_ops_aeabi.S.obj
                0x1000580c                __wrap_memcpy
                0x1000580c                __wrap___aeabi_memcpy
 .text.stdio_out_chars_no_crlf
                0x10005818       0x10 led-mat/CMakeFiles/led-mat.dir/C_/Users/theka/source/repos/pico-sdk/src/rp2_common/pico_stdio/stdio.c.obj
 .text.stdio_out_chars_crlf
                0x10005828       0xb4 led-mat/CMakeFiles/led-mat.dir/C_/Users/theka/source/repos/pico-sdk/src/rp2_common/pico_stdio/stdio.c.obj
 .text.stdio_buffered_printer
                0x100058dc       0x64 led-mat/CMakeFiles/led-mat.dir/C_/Users/theka/source/repos/pico-sdk/src/rp2_common/pico_stdio/stdio.c.obj
 .text.stdio_put_string.isra.0
                0x10005940       0xfc led-mat/CMakeFiles/led-mat.dir/C_/Users/theka/source/repos/pico-sdk/src/rp2_common/pico_stdio/stdio.c.obj
 .text.__wrap_putchar
                0x10005a3c       0x98 led-mat/CMakeFiles/led-mat.dir/C_/Users/theka/source/repos/pico-sdk/src/rp2_common/pico_stdio/stdio.c.obj
                0x10005a3c                __wrap_putchar
 .text.__wrap_puts
                0x10005ad4       0x3c led-mat/CMakeFiles/led-mat.dir/C_/Users/theka/source/repos/pico-sdk/src/rp2_common/pico_stdio/stdio.c.obj
                0x10005ad4                __wrap_puts
 .text.stdio_set_driver_enabled
                0x10005b10       0x30 led-mat/CMakeFiles/led-mat.dir/C_/Users/theka/source/repos/pico-sdk/src/rp2_common/pico_stdio/stdio.c.obj
                0x10005b10                stdio_set_driver_enabled
 .text.__wrap_vprintf
                0x10005b40       0xd8 led-mat/CMakeFiles/led-mat.dir/C_/Users/theka/source/repos/pico-sdk/src/rp2_common/pico_stdio/stdio.c.obj
                0x10005b40                __wrap_vprintf
 .text.__wrap_printf
                0x10005c18       0x18 led-mat/CMakeFiles/led-mat.dir/C_/Users/theka/source/repos/pico-sdk/src/rp2_common/pico_stdio/stdio.c.obj
                0x10005c18                __wrap_printf
 .text.stdio_init_all
                0x10005c30        0xc led-mat/CMakeFiles/led-mat.dir/C_/Users/theka/source/repos/pico-sdk/src/rp2_common/pico_stdio/stdio.c.obj
                0x10005c30                stdio_init_all
 .text.stdio_uart_out_chars
                0x10005c3c       0x4c led-mat/CMakeFiles/led-mat.dir/C_/Users/theka/source/repos/pico-sdk/src/rp2_common/pico_stdio_uart/stdio_uart.c.obj
 .text.stdio_uart_in_chars
                0x10005c88       0x84 led-mat/CMakeFiles/led-mat.dir/C_/Users/theka/source/repos/pico-sdk/src/rp2_common/pico_stdio_uart/stdio_uart.c.obj
                0x10005c88                stdio_uart_in_chars
 .text.on_uart_rx
                0x10005d0c       0x28 led-mat/CMakeFiles/led-mat.dir/C_/Users/theka/source/repos/pico-sdk/src/rp2_common/pico_stdio_uart/stdio_uart.c.obj
 .text.stdio_uart_set_chars_available_callback
                0x10005d34       0x8c led-mat/CMakeFiles/led-mat.dir/C_/Users/theka/source/repos/pico-sdk/src/rp2_common/pico_stdio_uart/stdio_uart.c.obj
 .text.stdio_uart_init
                0x10005dc0       0x48 led-mat/CMakeFiles/led-mat.dir/C_/Users/theka/source/repos/pico-sdk/src/rp2_common/pico_stdio_uart/stdio_uart.c.obj
                0x10005dc0                stdio_uart_init
 .text.pio_sm_unclaim
                0x10005e08       0x20 led-mat/CMakeFiles/led-mat.dir/C_/Users/theka/source/repos/pico-sdk/src/rp2_common/hardware_pio/pio.c.obj
                0x10005e08                pio_sm_unclaim
 .text.pio_claim_unused_sm
                0x10005e28       0x3c led-mat/CMakeFiles/led-mat.dir/C_/Users/theka/source/repos/pico-sdk/src/rp2_common/hardware_pio/pio.c.obj
                0x10005e28                pio_claim_unused_sm
 .text.pio_can_add_program
                0x10005e64       0x68 led-mat/CMakeFiles/led-mat.dir/C_/Users/theka/source/repos/pico-sdk/src/rp2_common/hardware_pio/pio.c.obj
                0x10005e64                pio_can_add_program
 .text.pio_add_program
                0x10005ecc       0xc8 led-mat/CMakeFiles/led-mat.dir/C_/Users/theka/source/repos/pico-sdk/src/rp2_common/hardware_pio/pio.c.obj
                0x10005ecc                pio_add_program
 .text.pio_remove_program
                0x10005f94       0x34 led-mat/CMakeFiles/led-mat.dir/C_/Users/theka/source/repos/pico-sdk/src/rp2_common/hardware_pio/pio.c.obj
                0x10005f94                pio_remove_program
 .text.pio_sm_set_pindirs_with_mask
                0x10005fc8       0xa4 led-mat/CMakeFiles/led-mat.dir/C_/Users/theka/source/repos/pico-sdk/src/rp2_common/hardware_pio/pio.c.obj
                0x10005fc8                pio_sm_set_pindirs_with_mask
 .text.pio_sm_set_consecutive_pindirs
                0x1000606c       0xb0 led-mat/CMakeFiles/led-mat.dir/C_/Users/theka/source/repos/pico-sdk/src/rp2_common/hardware_pio/pio.c.obj
                0x1000606c                pio_sm_set_consecutive_pindirs
 .text.pio_sm_init
                0x1000611c       0x8c led-mat/CMakeFiles/led-mat.dir/C_/Users/theka/source/repos/pico-sdk/src/rp2_common/hardware_pio/pio.c.obj
                0x1000611c                pio_sm_init
 .text.lwip_timeout_reached
                0x100061a8        0x8 led-mat/CMakeFiles/led-mat.dir/C_/Users/theka/source/repos/pico-sdk/src/rp2_common/pico_lwip/lwip_nosys.c.obj
 .text.update_next_timeout
                0x100061b0       0x6c led-mat/CMakeFiles/led-mat.dir/C_/Users/theka/source/repos/pico-sdk/src/rp2_common/pico_lwip/lwip_nosys.c.obj
 .text.lwip_nosys_init
                0x1000621c       0x30 led-mat/CMakeFiles/led-mat.dir/C_/Users/theka/source/repos/pico-sdk/src/rp2_common/pico_lwip/lwip_nosys.c.obj
                0x1000621c                lwip_nosys_init
 .text.lwip_nosys_deinit
                0x1000624c       0x20 led-mat/CMakeFiles/led-mat.dir/C_/Users/theka/source/repos/pico-sdk/src/rp2_common/pico_lwip/lwip_nosys.c.obj
                0x1000624c                lwip_nosys_deinit
 .text.sys_arch_protect
                0x1000626c        0x4 led-mat/CMakeFiles/led-mat.dir/C_/Users/theka/source/repos/pico-sdk/src/rp2_common/pico_lwip/lwip_nosys.c.obj
                0x1000626c                sys_arch_protect
 .text.sys_arch_unprotect
                0x10006270        0x4 led-mat/CMakeFiles/led-mat.dir/C_/Users/theka/source/repos/pico-sdk/src/rp2_common/pico_lwip/lwip_nosys.c.obj
                0x10006270                sys_arch_unprotect
 .text.sys_now  0x10006274       0x20 led-mat/CMakeFiles/led-mat.dir/C_/Users/theka/source/repos/pico-sdk/src/rp2_common/pico_lwip/lwip_nosys.c.obj
                0x10006274                sys_now
 .text.async_context_base_add_at_time_worker
                0x10006294       0x28 led-mat/CMakeFiles/led-mat.dir/C_/Users/theka/source/repos/pico-sdk/src/rp2_common/pico_async_context/async_context_base.c.obj
                0x10006294                async_context_base_add_at_time_worker
 .text.async_context_base_remove_at_time_worker
                0x100062bc       0x28 led-mat/CMakeFiles/led-mat.dir/C_/Users/theka/source/repos/pico-sdk/src/rp2_common/pico_async_context/async_context_base.c.obj
                0x100062bc                async_context_base_remove_at_time_worker
 .text.async_context_base_add_when_pending_worker
                0x100062e4       0x24 led-mat/CMakeFiles/led-mat.dir/C_/Users/theka/source/repos/pico-sdk/src/rp2_common/pico_async_context/async_context_base.c.obj
                0x100062e4                async_context_base_add_when_pending_worker
 .text.async_context_base_remove_when_pending_worker
                0x10006308       0x28 led-mat/CMakeFiles/led-mat.dir/C_/Users/theka/source/repos/pico-sdk/src/rp2_common/pico_async_context/async_context_base.c.obj
                0x10006308                async_context_base_remove_when_pending_worker
 .text.async_context_base_execute_once
                0x10006330       0xe8 led-mat/CMakeFiles/led-mat.dir/C_/Users/theka/source/repos/pico-sdk/src/rp2_common/pico_async_context/async_context_base.c.obj
                0x10006330                async_context_base_execute_once
 .text.splitmix64
                0x10006418       0x5c led-mat/CMakeFiles/led-mat.dir/C_/Users/theka/source/repos/pico-sdk/src/rp2_common/pico_rand/rand.c.obj
 .text.xoroshiro128ss
                0x10006474       0x90 led-mat/CMakeFiles/led-mat.dir/C_/Users/theka/source/repos/pico-sdk/src/rp2_common/pico_rand/rand.c.obj
 .text.get_rand_64
                0x10006504      0x484 led-mat/CMakeFiles/led-mat.dir/C_/Users/theka/source/repos/pico-sdk/src/rp2_common/pico_rand/rand.c.obj
                0x10006504                get_rand_64
 .text.get_rand_32
                0x10006988        0x8 led-mat/CMakeFiles/led-mat.dir/C_/Users/theka/source/repos/pico-sdk/src/rp2_common/pico_rand/rand.c.obj
                0x10006988                get_rand_32
 .text.startup._retrieve_unique_id_on_boot
                0x10006990       0x10 led-mat/CMakeFiles/led-mat.dir/C_/Users/theka/source/repos/pico-sdk/src/rp2_common/pico_unique_id/unique_id.c.obj
 .text.pico_get_unique_board_id
                0x100069a0       0x10 led-mat/CMakeFiles/led-mat.dir/C_/Users/theka/source/repos/pico-sdk/src/rp2_common/pico_unique_id/unique_id.c.obj
                0x100069a0                pico_get_unique_board_id
 .text.flash_get_unique_id
                0x100069b0       0x40 led-mat/CMakeFiles/led-mat.dir/C_/Users/theka/source/repos/pico-sdk/src/rp2_common/hardware_flash/flash.c.obj
                0x100069b0                flash_get_unique_id
 .text.lwip_init
                0x100069f0       0x24 led-mat/CMakeFiles/led-mat.dir/C_/Users/theka/source/repos/pico-sdk/lib/lwip/src/core/init.c.obj
                0x100069f0                lwip_init
 .text.lwip_htons
                0x10006a14        0x8 led-mat/CMakeFiles/led-mat.dir/C_/Users/theka/source/repos/pico-sdk/lib/lwip/src/core/def.c.obj
                0x10006a14                lwip_htons
 .text.lwip_htonl
                0x10006a1c        0x4 led-mat/CMakeFiles/led-mat.dir/C_/Users/theka/source/repos/pico-sdk/lib/lwip/src/core/def.c.obj
                0x10006a1c                lwip_htonl
 .text.dns_call_found
                0x10006a20      0x134 led-mat/CMakeFiles/led-mat.dir/C_/Users/theka/source/repos/pico-sdk/lib/lwip/src/core/dns.c.obj
 .text.dns_send.isra.0
                0x10006b54      0x168 led-mat/CMakeFiles/led-mat.dir/C_/Users/theka/source/repos/pico-sdk/lib/lwip/src/core/dns.c.obj
 .text.dns_init
                0x10006cbc        0x4 led-mat/CMakeFiles/led-mat.dir/C_/Users/theka/source/repos/pico-sdk/lib/lwip/src/core/dns.c.obj
                0x10006cbc                dns_init
 .text.dns_setserver
                0x10006cc0       0x2c led-mat/CMakeFiles/led-mat.dir/C_/Users/theka/source/repos/pico-sdk/lib/lwip/src/core/dns.c.obj
                0x10006cc0                dns_setserver
 .text.dns_tmr  0x10006cec      0x138 led-mat/CMakeFiles/led-mat.dir/C_/Users/theka/source/repos/pico-sdk/lib/lwip/src/core/dns.c.obj
                0x10006cec                dns_tmr
 .text.lwip_standard_chksum
                0x10006e24       0xd8 led-mat/CMakeFiles/led-mat.dir/C_/Users/theka/source/repos/pico-sdk/lib/lwip/src/core/inet_chksum.c.obj
                0x10006e24                lwip_standard_chksum
 .text.inet_chksum_pseudo
                0x10006efc       0xb4 led-mat/CMakeFiles/led-mat.dir/C_/Users/theka/source/repos/pico-sdk/lib/lwip/src/core/inet_chksum.c.obj
                0x10006efc                inet_chksum_pseudo
 .text.ip_chksum_pseudo
                0x10006fb0       0x10 led-mat/CMakeFiles/led-mat.dir/C_/Users/theka/source/repos/pico-sdk/lib/lwip/src/core/inet_chksum.c.obj
                0x10006fb0                ip_chksum_pseudo
 .text.inet_chksum
                0x10006fc0        0xc led-mat/CMakeFiles/led-mat.dir/C_/Users/theka/source/repos/pico-sdk/lib/lwip/src/core/inet_chksum.c.obj
                0x10006fc0                inet_chksum
 .text.inet_chksum_pbuf
                0x10006fcc       0x6c led-mat/CMakeFiles/led-mat.dir/C_/Users/theka/source/repos/pico-sdk/lib/lwip/src/core/inet_chksum.c.obj
                0x10006fcc                inet_chksum_pbuf
 .text.mem_init
                0x10007038        0x4 led-mat/CMakeFiles/led-mat.dir/C_/Users/theka/source/repos/pico-sdk/lib/lwip/src/core/mem.c.obj
                0x10007038                mem_init
 .text.mem_trim
                0x1000703c        0x4 led-mat/CMakeFiles/led-mat.dir/C_/Users/theka/source/repos/pico-sdk/lib/lwip/src/core/mem.c.obj
                0x1000703c                mem_trim
 .text.mem_malloc
                0x10007040       0x2c led-mat/CMakeFiles/led-mat.dir/C_/Users/theka/source/repos/pico-sdk/lib/lwip/src/core/mem.c.obj
                0x10007040                mem_malloc
 .text.mem_free
                0x1000706c       0x2c led-mat/CMakeFiles/led-mat.dir/C_/Users/theka/source/repos/pico-sdk/lib/lwip/src/core/mem.c.obj
                0x1000706c                mem_free
 .text.memp_init
                0x10007098       0x6c led-mat/CMakeFiles/led-mat.dir/C_/Users/theka/source/repos/pico-sdk/lib/lwip/src/core/memp.c.obj
                0x10007098                memp_init
 .text.memp_malloc
                0x10007104       0x3c led-mat/CMakeFiles/led-mat.dir/C_/Users/theka/source/repos/pico-sdk/lib/lwip/src/core/memp.c.obj
                0x10007104                memp_malloc
 .text.memp_free
                0x10007140       0x38 led-mat/CMakeFiles/led-mat.dir/C_/Users/theka/source/repos/pico-sdk/lib/lwip/src/core/memp.c.obj
                0x10007140                memp_free
 .text.netif_null_output_ip4
                0x10007178        0x8 led-mat/CMakeFiles/led-mat.dir/C_/Users/theka/source/repos/pico-sdk/lib/lwip/src/core/netif.c.obj
 .text.netif_do_set_ipaddr.isra.0
                0x10007180       0x70 led-mat/CMakeFiles/led-mat.dir/C_/Users/theka/source/repos/pico-sdk/lib/lwip/src/core/netif.c.obj
 .text.netif_init
                0x100071f0        0x4 led-mat/CMakeFiles/led-mat.dir/C_/Users/theka/source/repos/pico-sdk/lib/lwip/src/core/netif.c.obj
                0x100071f0                netif_init
 .text.netif_add
                0x100071f4      0x144 led-mat/CMakeFiles/led-mat.dir/C_/Users/theka/source/repos/pico-sdk/lib/lwip/src/core/netif.c.obj
                0x100071f4                netif_add
 .text.netif_set_addr
                0x10007338       0xb8 led-mat/CMakeFiles/led-mat.dir/C_/Users/theka/source/repos/pico-sdk/lib/lwip/src/core/netif.c.obj
                0x10007338                netif_set_addr
 .text.netif_remove
                0x100073f0       0x94 led-mat/CMakeFiles/led-mat.dir/C_/Users/theka/source/repos/pico-sdk/lib/lwip/src/core/netif.c.obj
                0x100073f0                netif_remove
 .text.netif_set_default
                0x10007484        0xc led-mat/CMakeFiles/led-mat.dir/C_/Users/theka/source/repos/pico-sdk/lib/lwip/src/core/netif.c.obj
                0x10007484                netif_set_default
 .text.netif_set_up
                0x10007490       0x40 led-mat/CMakeFiles/led-mat.dir/C_/Users/theka/source/repos/pico-sdk/lib/lwip/src/core/netif.c.obj
                0x10007490                netif_set_up
 .text.netif_set_link_up
                0x100074d0       0x44 led-mat/CMakeFiles/led-mat.dir/C_/Users/theka/source/repos/pico-sdk/lib/lwip/src/core/netif.c.obj
                0x100074d0                netif_set_link_up
 .text.netif_set_link_down
                0x10007514       0x20 led-mat/CMakeFiles/led-mat.dir/C_/Users/theka/source/repos/pico-sdk/lib/lwip/src/core/netif.c.obj
                0x10007514                netif_set_link_down
 .text.netif_get_by_index
                0x10007534       0x2c led-mat/CMakeFiles/led-mat.dir/C_/Users/theka/source/repos/pico-sdk/lib/lwip/src/core/netif.c.obj
                0x10007534                netif_get_by_index
 .text.pbuf_free.part.0
                0x10007560       0x7c led-mat/CMakeFiles/led-mat.dir/C_/Users/theka/source/repos/pico-sdk/lib/lwip/src/core/pbuf.c.obj
 .text.pbuf_free_ooseq
                0x100075dc       0x34 led-mat/CMakeFiles/led-mat.dir/C_/Users/theka/source/repos/pico-sdk/lib/lwip/src/core/pbuf.c.obj
                0x100075dc                pbuf_free_ooseq
 .text.pbuf_alloc
                0x10007610      0x128 led-mat/CMakeFiles/led-mat.dir/C_/Users/theka/source/repos/pico-sdk/lib/lwip/src/core/pbuf.c.obj
                0x10007610                pbuf_alloc
 .text.pbuf_realloc
                0x10007738       0x84 led-mat/CMakeFiles/led-mat.dir/C_/Users/theka/source/repos/pico-sdk/lib/lwip/src/core/pbuf.c.obj
                0x10007738                pbuf_realloc
 .text.pbuf_add_header
                0x100077bc       0x54 led-mat/CMakeFiles/led-mat.dir/C_/Users/theka/source/repos/pico-sdk/lib/lwip/src/core/pbuf.c.obj
                0x100077bc                pbuf_add_header
 .text.pbuf_remove_header
                0x10007810       0x44 led-mat/CMakeFiles/led-mat.dir/C_/Users/theka/source/repos/pico-sdk/lib/lwip/src/core/pbuf.c.obj
                0x10007810                pbuf_remove_header
 .text.pbuf_header_force
                0x10007854       0x74 led-mat/CMakeFiles/led-mat.dir/C_/Users/theka/source/repos/pico-sdk/lib/lwip/src/core/pbuf.c.obj
                0x10007854                pbuf_header_force
 .text.pbuf_free
                0x100078c8       0x18 led-mat/CMakeFiles/led-mat.dir/C_/Users/theka/source/repos/pico-sdk/lib/lwip/src/core/pbuf.c.obj
                0x100078c8                pbuf_free
 .text.pbuf_clen
                0x100078e0       0x14 led-mat/CMakeFiles/led-mat.dir/C_/Users/theka/source/repos/pico-sdk/lib/lwip/src/core/pbuf.c.obj
                0x100078e0                pbuf_clen
 .text.pbuf_ref
                0x100078f4       0x28 led-mat/CMakeFiles/led-mat.dir/C_/Users/theka/source/repos/pico-sdk/lib/lwip/src/core/pbuf.c.obj
                0x100078f4                pbuf_ref
 .text.pbuf_cat
                0x1000791c       0x3c led-mat/CMakeFiles/led-mat.dir/C_/Users/theka/source/repos/pico-sdk/lib/lwip/src/core/pbuf.c.obj
                0x1000791c                pbuf_cat
 .text.pbuf_chain
                0x10007958       0x64 led-mat/CMakeFiles/led-mat.dir/C_/Users/theka/source/repos/pico-sdk/lib/lwip/src/core/pbuf.c.obj
                0x10007958                pbuf_chain
 .text.pbuf_copy_partial_pbuf
                0x100079bc      0x13c led-mat/CMakeFiles/led-mat.dir/C_/Users/theka/source/repos/pico-sdk/lib/lwip/src/core/pbuf.c.obj
                0x100079bc                pbuf_copy_partial_pbuf
 .text.pbuf_copy
                0x10007af8       0x18 led-mat/CMakeFiles/led-mat.dir/C_/Users/theka/source/repos/pico-sdk/lib/lwip/src/core/pbuf.c.obj
                0x10007af8                pbuf_copy
 .text.pbuf_copy_partial
                0x10007b10       0x70 led-mat/CMakeFiles/led-mat.dir/C_/Users/theka/source/repos/pico-sdk/lib/lwip/src/core/pbuf.c.obj
                0x10007b10                pbuf_copy_partial
 .text.pbuf_take
                0x10007b80       0x78 led-mat/CMakeFiles/led-mat.dir/C_/Users/theka/source/repos/pico-sdk/lib/lwip/src/core/pbuf.c.obj
                0x10007b80                pbuf_take
 .text.pbuf_take_at
                0x10007bf8       0xc0 led-mat/CMakeFiles/led-mat.dir/C_/Users/theka/source/repos/pico-sdk/lib/lwip/src/core/pbuf.c.obj
                0x10007bf8                pbuf_take_at
 .text.pbuf_clone
                0x10007cb8       0x30 led-mat/CMakeFiles/led-mat.dir/C_/Users/theka/source/repos/pico-sdk/lib/lwip/src/core/pbuf.c.obj
                0x10007cb8                pbuf_clone
 .text.pbuf_put_at
                0x10007ce8       0x1c led-mat/CMakeFiles/led-mat.dir/C_/Users/theka/source/repos/pico-sdk/lib/lwip/src/core/pbuf.c.obj
                0x10007ce8                pbuf_put_at
 .text.raw_input
                0x10007d04       0xf0 led-mat/CMakeFiles/led-mat.dir/C_/Users/theka/source/repos/pico-sdk/lib/lwip/src/core/raw.c.obj
                0x10007d04                raw_input
 .text.raw_netif_ip_addr_changed
                0x10007df4       0x40 led-mat/CMakeFiles/led-mat.dir/C_/Users/theka/source/repos/pico-sdk/lib/lwip/src/core/raw.c.obj
                0x10007df4                raw_netif_ip_addr_changed
 .text.stats_init
                0x10007e34        0x4 led-mat/CMakeFiles/led-mat.dir/C_/Users/theka/source/repos/pico-sdk/lib/lwip/src/core/stats.c.obj
                0x10007e34                stats_init
 .text.tcp_close_shutdown_fin
                0x10007e38       0x58 led-mat/CMakeFiles/led-mat.dir/C_/Users/theka/source/repos/pico-sdk/lib/lwip/src/core/tcp.c.obj
 .text.tcp_pcb_purge.part.0
                0x10007e90       0xc4 led-mat/CMakeFiles/led-mat.dir/C_/Users/theka/source/repos/pico-sdk/lib/lwip/src/core/tcp.c.obj
 .text.tcp_init
                0x10007f54       0x20 led-mat/CMakeFiles/led-mat.dir/C_/Users/theka/source/repos/pico-sdk/lib/lwip/src/core/tcp.c.obj
                0x10007f54                tcp_init
 .text.tcp_free
                0x10007f74       0x1c led-mat/CMakeFiles/led-mat.dir/C_/Users/theka/source/repos/pico-sdk/lib/lwip/src/core/tcp.c.obj
                0x10007f74                tcp_free
 .text.tcp_bind
                0x10007f90       0xf8 led-mat/CMakeFiles/led-mat.dir/C_/Users/theka/source/repos/pico-sdk/lib/lwip/src/core/tcp.c.obj
                0x10007f90                tcp_bind
 .text.tcp_listen_with_backlog
                0x10008088       0x98 led-mat/CMakeFiles/led-mat.dir/C_/Users/theka/source/repos/pico-sdk/lib/lwip/src/core/tcp.c.obj
                0x10008088                tcp_listen_with_backlog
 .text.tcp_update_rcv_ann_wnd
                0x10008120       0x5c led-mat/CMakeFiles/led-mat.dir/C_/Users/theka/source/repos/pico-sdk/lib/lwip/src/core/tcp.c.obj
                0x10008120                tcp_update_rcv_ann_wnd
 .text.tcp_recved
                0x1000817c       0x90 led-mat/CMakeFiles/led-mat.dir/C_/Users/theka/source/repos/pico-sdk/lib/lwip/src/core/tcp.c.obj
                0x1000817c                tcp_recved
 .text.tcp_slowtmr
                0x1000820c      0x4dc led-mat/CMakeFiles/led-mat.dir/C_/Users/theka/source/repos/pico-sdk/lib/lwip/src/core/tcp.c.obj
                0x1000820c                tcp_slowtmr
 .text.tcp_segs_free
                0x100086e8       0x38 led-mat/CMakeFiles/led-mat.dir/C_/Users/theka/source/repos/pico-sdk/lib/lwip/src/core/tcp.c.obj
                0x100086e8                tcp_segs_free
 .text.tcp_seg_free
                0x10008720       0x1c led-mat/CMakeFiles/led-mat.dir/C_/Users/theka/source/repos/pico-sdk/lib/lwip/src/core/tcp.c.obj
                0x10008720                tcp_seg_free
 .text.tcp_seg_copy
                0x1000873c       0x2c led-mat/CMakeFiles/led-mat.dir/C_/Users/theka/source/repos/pico-sdk/lib/lwip/src/core/tcp.c.obj
                0x1000873c                tcp_seg_copy
 .text.tcp_arg  0x10008768        0x8 led-mat/CMakeFiles/led-mat.dir/C_/Users/theka/source/repos/pico-sdk/lib/lwip/src/core/tcp.c.obj
                0x10008768                tcp_arg
 .text.tcp_recv
                0x10008770       0x1c led-mat/CMakeFiles/led-mat.dir/C_/Users/theka/source/repos/pico-sdk/lib/lwip/src/core/tcp.c.obj
                0x10008770                tcp_recv
 .text.tcp_sent
                0x1000878c       0x1c led-mat/CMakeFiles/led-mat.dir/C_/Users/theka/source/repos/pico-sdk/lib/lwip/src/core/tcp.c.obj
                0x1000878c                tcp_sent
 .text.tcp_err  0x100087a8       0x1c led-mat/CMakeFiles/led-mat.dir/C_/Users/theka/source/repos/pico-sdk/lib/lwip/src/core/tcp.c.obj
                0x100087a8                tcp_err
 .text.tcp_accept
                0x100087c4       0x10 led-mat/CMakeFiles/led-mat.dir/C_/Users/theka/source/repos/pico-sdk/lib/lwip/src/core/tcp.c.obj
                0x100087c4                tcp_accept
 .text.tcp_poll
                0x100087d4       0x20 led-mat/CMakeFiles/led-mat.dir/C_/Users/theka/source/repos/pico-sdk/lib/lwip/src/core/tcp.c.obj
                0x100087d4                tcp_poll
 .text.tcp_pcb_purge
                0x100087f4       0x18 led-mat/CMakeFiles/led-mat.dir/C_/Users/theka/source/repos/pico-sdk/lib/lwip/src/core/tcp.c.obj
                0x100087f4                tcp_pcb_purge
 .text.tcp_pcb_remove
                0x1000880c       0xc8 led-mat/CMakeFiles/led-mat.dir/C_/Users/theka/source/repos/pico-sdk/lib/lwip/src/core/tcp.c.obj
                0x1000880c                tcp_pcb_remove
 .text.tcp_abandon
                0x100088d4      0x1ac led-mat/CMakeFiles/led-mat.dir/C_/Users/theka/source/repos/pico-sdk/lib/lwip/src/core/tcp.c.obj
                0x100088d4                tcp_abandon
 .text.tcp_abort
                0x10008a80        0xc led-mat/CMakeFiles/led-mat.dir/C_/Users/theka/source/repos/pico-sdk/lib/lwip/src/core/tcp.c.obj
                0x10008a80                tcp_abort
 .text.tcp_accept_null
                0x10008a8c       0x20 led-mat/CMakeFiles/led-mat.dir/C_/Users/theka/source/repos/pico-sdk/lib/lwip/src/core/tcp.c.obj
 .text.tcp_alloc
                0x10008aac      0x1cc led-mat/CMakeFiles/led-mat.dir/C_/Users/theka/source/repos/pico-sdk/lib/lwip/src/core/tcp.c.obj
                0x10008aac                tcp_alloc
 .text.tcp_new_ip_type
                0x10008c78      0x1ac led-mat/CMakeFiles/led-mat.dir/C_/Users/theka/source/repos/pico-sdk/lib/lwip/src/core/tcp.c.obj
                0x10008c78                tcp_new_ip_type
 .text.tcp_close_shutdown
                0x10008e24      0x188 led-mat/CMakeFiles/led-mat.dir/C_/Users/theka/source/repos/pico-sdk/lib/lwip/src/core/tcp.c.obj
 .text.tcp_recv_null
                0x10008fac       0xcc led-mat/CMakeFiles/led-mat.dir/C_/Users/theka/source/repos/pico-sdk/lib/lwip/src/core/tcp.c.obj
                0x10008fac                tcp_recv_null
 .text.tcp_process_refused_data
                0x10009078       0x74 led-mat/CMakeFiles/led-mat.dir/C_/Users/theka/source/repos/pico-sdk/lib/lwip/src/core/tcp.c.obj
                0x10009078                tcp_process_refused_data
 .text.tcp_fasttmr
                0x100090ec       0x98 led-mat/CMakeFiles/led-mat.dir/C_/Users/theka/source/repos/pico-sdk/lib/lwip/src/core/tcp.c.obj
                0x100090ec                tcp_fasttmr
 .text.tcp_tmr  0x10009184       0x20 led-mat/CMakeFiles/led-mat.dir/C_/Users/theka/source/repos/pico-sdk/lib/lwip/src/core/tcp.c.obj
                0x10009184                tcp_tmr
 .text.tcp_close
                0x100091a4      0x174 led-mat/CMakeFiles/led-mat.dir/C_/Users/theka/source/repos/pico-sdk/lib/lwip/src/core/tcp.c.obj
                0x100091a4                tcp_close
 .text.tcp_next_iss
                0x10009318       0x28 led-mat/CMakeFiles/led-mat.dir/C_/Users/theka/source/repos/pico-sdk/lib/lwip/src/core/tcp.c.obj
                0x10009318                tcp_next_iss
 .text.tcp_eff_send_mss_netif
                0x10009340       0x38 led-mat/CMakeFiles/led-mat.dir/C_/Users/theka/source/repos/pico-sdk/lib/lwip/src/core/tcp.c.obj
                0x10009340                tcp_eff_send_mss_netif
 .text.tcp_netif_ip_addr_changed
                0x10009378       0x9c led-mat/CMakeFiles/led-mat.dir/C_/Users/theka/source/repos/pico-sdk/lib/lwip/src/core/tcp.c.obj
                0x10009378                tcp_netif_ip_addr_changed
 .text.tcp_free_ooseq
                0x10009414       0x40 led-mat/CMakeFiles/led-mat.dir/C_/Users/theka/source/repos/pico-sdk/lib/lwip/src/core/tcp.c.obj
                0x10009414                tcp_free_ooseq
 .text.tcp_parseopt
                0x10009454      0x18c led-mat/CMakeFiles/led-mat.dir/C_/Users/theka/source/repos/pico-sdk/lib/lwip/src/core/tcp_in.c.obj
 .text.tcp_oos_insert_segment
                0x100095e0       0xe0 led-mat/CMakeFiles/led-mat.dir/C_/Users/theka/source/repos/pico-sdk/lib/lwip/src/core/tcp_in.c.obj
 .text.tcp_free_acked_segments.constprop.0
                0x100096c0       0xdc led-mat/CMakeFiles/led-mat.dir/C_/Users/theka/source/repos/pico-sdk/lib/lwip/src/core/tcp_in.c.obj
 .text.tcp_receive
                0x1000979c      0xa4c led-mat/CMakeFiles/led-mat.dir/C_/Users/theka/source/repos/pico-sdk/lib/lwip/src/core/tcp_in.c.obj
 .text.tcp_input
                0x1000a1e8      0xda0 led-mat/CMakeFiles/led-mat.dir/C_/Users/theka/source/repos/pico-sdk/lib/lwip/src/core/tcp_in.c.obj
                0x1000a1e8                tcp_input
 .text.tcp_trigger_input_pcb_close
                0x1000af88       0x10 led-mat/CMakeFiles/led-mat.dir/C_/Users/theka/source/repos/pico-sdk/lib/lwip/src/core/tcp_in.c.obj
                0x1000af88                tcp_trigger_input_pcb_close
 .text.tcp_create_segment
                0x1000af98       0xf8 led-mat/CMakeFiles/led-mat.dir/C_/Users/theka/source/repos/pico-sdk/lib/lwip/src/core/tcp_out.c.obj
 .text.tcp_output_control_segment
                0x1000b090       0xc0 led-mat/CMakeFiles/led-mat.dir/C_/Users/theka/source/repos/pico-sdk/lib/lwip/src/core/tcp_out.c.obj
 .text.tcp_output_alloc_header.constprop.0
                0x1000b150       0xcc led-mat/CMakeFiles/led-mat.dir/C_/Users/theka/source/repos/pico-sdk/lib/lwip/src/core/tcp_out.c.obj
 .text.tcp_write
                0x1000b21c      0x494 led-mat/CMakeFiles/led-mat.dir/C_/Users/theka/source/repos/pico-sdk/lib/lwip/src/core/tcp_out.c.obj
                0x1000b21c                tcp_write
 .text.tcp_split_unsent_seg
                0x1000b6b0      0x1c4 led-mat/CMakeFiles/led-mat.dir/C_/Users/theka/source/repos/pico-sdk/lib/lwip/src/core/tcp_out.c.obj
                0x1000b6b0                tcp_split_unsent_seg
 .text.tcp_send_fin
                0x1000b874      0x12c led-mat/CMakeFiles/led-mat.dir/C_/Users/theka/source/repos/pico-sdk/lib/lwip/src/core/tcp_out.c.obj
                0x1000b874                tcp_send_fin
 .text.tcp_enqueue_flags
                0x1000b9a0      0x124 led-mat/CMakeFiles/led-mat.dir/C_/Users/theka/source/repos/pico-sdk/lib/lwip/src/core/tcp_out.c.obj
                0x1000b9a0                tcp_enqueue_flags
 .text.tcp_rexmit_rto_prepare
                0x1000bac4       0x9c led-mat/CMakeFiles/led-mat.dir/C_/Users/theka/source/repos/pico-sdk/lib/lwip/src/core/tcp_out.c.obj
                0x1000bac4                tcp_rexmit_rto_prepare
 .text.tcp_rexmit
                0x1000bb60       0x9c led-mat/CMakeFiles/led-mat.dir/C_/Users/theka/source/repos/pico-sdk/lib/lwip/src/core/tcp_out.c.obj
                0x1000bb60                tcp_rexmit
 .text.tcp_rexmit_fast
                0x1000bbfc       0x64 led-mat/CMakeFiles/led-mat.dir/C_/Users/theka/source/repos/pico-sdk/lib/lwip/src/core/tcp_out.c.obj
                0x1000bbfc                tcp_rexmit_fast
 .text.tcp_rst  0x1000bc60       0xe4 led-mat/CMakeFiles/led-mat.dir/C_/Users/theka/source/repos/pico-sdk/lib/lwip/src/core/tcp_out.c.obj
                0x1000bc60                tcp_rst
 .text.tcp_rst_netif
                0x1000bd44      0x12c led-mat/CMakeFiles/led-mat.dir/C_/Users/theka/source/repos/pico-sdk/lib/lwip/src/core/tcp_out.c.obj
                0x1000bd44                tcp_rst_netif
 .text.tcp_send_empty_ack
                0x1000be70       0x54 led-mat/CMakeFiles/led-mat.dir/C_/Users/theka/source/repos/pico-sdk/lib/lwip/src/core/tcp_out.c.obj
                0x1000be70                tcp_send_empty_ack
 .text.tcp_output
                0x1000bec4      0x468 led-mat/CMakeFiles/led-mat.dir/C_/Users/theka/source/repos/pico-sdk/lib/lwip/src/core/tcp_out.c.obj
                0x1000bec4                tcp_output
 .text.tcp_rexmit_rto_commit
                0x1000c32c       0x24 led-mat/CMakeFiles/led-mat.dir/C_/Users/theka/source/repos/pico-sdk/lib/lwip/src/core/tcp_out.c.obj
                0x1000c32c                tcp_rexmit_rto_commit
 .text.tcp_rexmit_rto
                0x1000c350       0xa4 led-mat/CMakeFiles/led-mat.dir/C_/Users/theka/source/repos/pico-sdk/lib/lwip/src/core/tcp_out.c.obj
                0x1000c350                tcp_rexmit_rto
 .text.tcp_keepalive
                0x1000c3f4       0xe0 led-mat/CMakeFiles/led-mat.dir/C_/Users/theka/source/repos/pico-sdk/lib/lwip/src/core/tcp_out.c.obj
                0x1000c3f4                tcp_keepalive
 .text.tcp_zero_window_probe
                0x1000c4d4      0x108 led-mat/CMakeFiles/led-mat.dir/C_/Users/theka/source/repos/pico-sdk/lib/lwip/src/core/tcp_out.c.obj
                0x1000c4d4                tcp_zero_window_probe
 .text.sys_timeout_abs
                0x1000c5dc       0x48 led-mat/CMakeFiles/led-mat.dir/C_/Users/theka/source/repos/pico-sdk/lib/lwip/src/core/timeouts.c.obj
 .text.lwip_cyclic_timer
                0x1000c624       0x38 led-mat/CMakeFiles/led-mat.dir/C_/Users/theka/source/repos/pico-sdk/lib/lwip/src/core/timeouts.c.obj
 .text.tcpip_tcp_timer
                0x1000c65c       0x3c led-mat/CMakeFiles/led-mat.dir/C_/Users/theka/source/repos/pico-sdk/lib/lwip/src/core/timeouts.c.obj
 .text.tcp_timer_needed
                0x1000c698       0x40 led-mat/CMakeFiles/led-mat.dir/C_/Users/theka/source/repos/pico-sdk/lib/lwip/src/core/timeouts.c.obj
                0x1000c698                tcp_timer_needed
 .text.sys_timeouts_init
                0x1000c6d8       0x90 led-mat/CMakeFiles/led-mat.dir/C_/Users/theka/source/repos/pico-sdk/lib/lwip/src/core/timeouts.c.obj
                0x1000c6d8                sys_timeouts_init
 .text.sys_check_timeouts
                0x1000c768       0x68 led-mat/CMakeFiles/led-mat.dir/C_/Users/theka/source/repos/pico-sdk/lib/lwip/src/core/timeouts.c.obj
                0x1000c768                sys_check_timeouts
 .text.sys_timeouts_sleeptime
                0x1000c7d0       0x28 led-mat/CMakeFiles/led-mat.dir/C_/Users/theka/source/repos/pico-sdk/lib/lwip/src/core/timeouts.c.obj
                0x1000c7d0                sys_timeouts_sleeptime
 .text.udp_init
                0x1000c7f8       0x20 led-mat/CMakeFiles/led-mat.dir/C_/Users/theka/source/repos/pico-sdk/lib/lwip/src/core/udp.c.obj
                0x1000c7f8                udp_init
 .text.udp_input
                0x1000c818      0x24c led-mat/CMakeFiles/led-mat.dir/C_/Users/theka/source/repos/pico-sdk/lib/lwip/src/core/udp.c.obj
                0x1000c818                udp_input
 .text.udp_bind
                0x1000ca64      0x10c led-mat/CMakeFiles/led-mat.dir/C_/Users/theka/source/repos/pico-sdk/lib/lwip/src/core/udp.c.obj
                0x1000ca64                udp_bind
 .text.udp_sendto_if_src
                0x1000cb70      0x130 led-mat/CMakeFiles/led-mat.dir/C_/Users/theka/source/repos/pico-sdk/lib/lwip/src/core/udp.c.obj
                0x1000cb70                udp_sendto_if_src
 .text.udp_sendto_if
                0x1000cca0       0x48 led-mat/CMakeFiles/led-mat.dir/C_/Users/theka/source/repos/pico-sdk/lib/lwip/src/core/udp.c.obj
                0x1000cca0                udp_sendto_if
 .text.udp_sendto
                0x1000cce8       0x7c led-mat/CMakeFiles/led-mat.dir/C_/Users/theka/source/repos/pico-sdk/lib/lwip/src/core/udp.c.obj
                0x1000cce8                udp_sendto
 .text.udp_connect
                0x1000cd64       0x64 led-mat/CMakeFiles/led-mat.dir/C_/Users/theka/source/repos/pico-sdk/lib/lwip/src/core/udp.c.obj
                0x1000cd64                udp_connect
 .text.udp_recv
                0x1000cdc8        0xc led-mat/CMakeFiles/led-mat.dir/C_/Users/theka/source/repos/pico-sdk/lib/lwip/src/core/udp.c.obj
                0x1000cdc8                udp_recv
 .text.udp_remove
                0x1000cdd4       0x3c led-mat/CMakeFiles/led-mat.dir/C_/Users/theka/source/repos/pico-sdk/lib/lwip/src/core/udp.c.obj
                0x1000cdd4                udp_remove
 .text.udp_new  0x1000ce10       0x1c led-mat/CMakeFiles/led-mat.dir/C_/Users/theka/source/repos/pico-sdk/lib/lwip/src/core/udp.c.obj
                0x1000ce10                udp_new
 .text.udp_netif_ip_addr_changed
                0x1000ce2c       0x40 led-mat/CMakeFiles/led-mat.dir/C_/Users/theka/source/repos/pico-sdk/lib/lwip/src/core/udp.c.obj
                0x1000ce2c                udp_netif_ip_addr_changed
 .text.dhcp_create_msg
                0x1000ce6c      0x16c led-mat/CMakeFiles/led-mat.dir/C_/Users/theka/source/repos/pico-sdk/lib/lwip/src/core/ipv4/dhcp.c.obj
 .text.dhcp_inc_pcb_refcount
                0x1000cfd8       0x6c led-mat/CMakeFiles/led-mat.dir/C_/Users/theka/source/repos/pico-sdk/lib/lwip/src/core/ipv4/dhcp.c.obj
 .text.dhcp_bind
                0x1000d044      0x140 led-mat/CMakeFiles/led-mat.dir/C_/Users/theka/source/repos/pico-sdk/lib/lwip/src/core/ipv4/dhcp.c.obj
 .text.dhcp_option_hostname.isra.0
                0x1000d184       0x8c led-mat/CMakeFiles/led-mat.dir/C_/Users/theka/source/repos/pico-sdk/lib/lwip/src/core/ipv4/dhcp.c.obj
 .text.dhcp_handle_ack.isra.0
                0x1000d210       0xcc led-mat/CMakeFiles/led-mat.dir/C_/Users/theka/source/repos/pico-sdk/lib/lwip/src/core/ipv4/dhcp.c.obj
 .text.dhcp_reboot.isra.0
                0x1000d2dc      0x1e4 led-mat/CMakeFiles/led-mat.dir/C_/Users/theka/source/repos/pico-sdk/lib/lwip/src/core/ipv4/dhcp.c.obj
 .text.dhcp_discover
                0x1000d4c0      0x198 led-mat/CMakeFiles/led-mat.dir/C_/Users/theka/source/repos/pico-sdk/lib/lwip/src/core/ipv4/dhcp.c.obj
 .text.dhcp_select.isra.0
                0x1000d658      0x268 led-mat/CMakeFiles/led-mat.dir/C_/Users/theka/source/repos/pico-sdk/lib/lwip/src/core/ipv4/dhcp.c.obj
 .text.dhcp_recv
                0x1000d8c0      0x494 led-mat/CMakeFiles/led-mat.dir/C_/Users/theka/source/repos/pico-sdk/lib/lwip/src/core/ipv4/dhcp.c.obj
 .text.dhcp_set_struct
                0x1000dd54       0x44 led-mat/CMakeFiles/led-mat.dir/C_/Users/theka/source/repos/pico-sdk/lib/lwip/src/core/ipv4/dhcp.c.obj
                0x1000dd54                dhcp_set_struct
 .text.dhcp_network_changed_link_up
                0x1000dd98       0x40 led-mat/CMakeFiles/led-mat.dir/C_/Users/theka/source/repos/pico-sdk/lib/lwip/src/core/ipv4/dhcp.c.obj
                0x1000dd98                dhcp_network_changed_link_up
 .text.dhcp_renew
                0x1000ddd8      0x1b8 led-mat/CMakeFiles/led-mat.dir/C_/Users/theka/source/repos/pico-sdk/lib/lwip/src/core/ipv4/dhcp.c.obj
                0x1000ddd8                dhcp_renew
 .text.dhcp_release_and_stop
                0x1000df90      0x180 led-mat/CMakeFiles/led-mat.dir/C_/Users/theka/source/repos/pico-sdk/lib/lwip/src/core/ipv4/dhcp.c.obj
                0x1000df90                dhcp_release_and_stop
 .text.dhcp_start
                0x1000e110       0xb0 led-mat/CMakeFiles/led-mat.dir/C_/Users/theka/source/repos/pico-sdk/lib/lwip/src/core/ipv4/dhcp.c.obj
                0x1000e110                dhcp_start
 .text.dhcp_coarse_tmr
                0x1000e1c0      0x238 led-mat/CMakeFiles/led-mat.dir/C_/Users/theka/source/repos/pico-sdk/lib/lwip/src/core/ipv4/dhcp.c.obj
                0x1000e1c0                dhcp_coarse_tmr
 .text.dhcp_fine_tmr
                0x1000e3f8       0x78 led-mat/CMakeFiles/led-mat.dir/C_/Users/theka/source/repos/pico-sdk/lib/lwip/src/core/ipv4/dhcp.c.obj
                0x1000e3f8                dhcp_fine_tmr
 .text.dhcp_stop
                0x1000e470      0x180 led-mat/CMakeFiles/led-mat.dir/C_/Users/theka/source/repos/pico-sdk/lib/lwip/src/core/ipv4/dhcp.c.obj
                0x1000e470                dhcp_stop
 .text.etharp_find_entry
                0x1000e5f0     0x1fbc led-mat/CMakeFiles/led-mat.dir/C_/Users/theka/source/repos/pico-sdk/lib/lwip/src/core/ipv4/etharp.c.obj
 .text.etharp_raw
                0x100105ac       0xec led-mat/CMakeFiles/led-mat.dir/C_/Users/theka/source/repos/pico-sdk/lib/lwip/src/core/ipv4/etharp.c.obj
 .text.etharp_output_to_arp_index
                0x10010698       0xe4 led-mat/CMakeFiles/led-mat.dir/C_/Users/theka/source/repos/pico-sdk/lib/lwip/src/core/ipv4/etharp.c.obj
 .text.etharp_tmr
                0x1001077c       0x94 led-mat/CMakeFiles/led-mat.dir/C_/Users/theka/source/repos/pico-sdk/lib/lwip/src/core/ipv4/etharp.c.obj
                0x1001077c                etharp_tmr
 .text.etharp_cleanup_netif
                0x10010810      0x188 led-mat/CMakeFiles/led-mat.dir/C_/Users/theka/source/repos/pico-sdk/lib/lwip/src/core/ipv4/etharp.c.obj
                0x10010810                etharp_cleanup_netif
 .text.etharp_input
                0x10010998      0x1b0 led-mat/CMakeFiles/led-mat.dir/C_/Users/theka/source/repos/pico-sdk/lib/lwip/src/core/ipv4/etharp.c.obj
                0x10010998                etharp_input
 .text.etharp_query
                0x10010b48      0x1c0 led-mat/CMakeFiles/led-mat.dir/C_/Users/theka/source/repos/pico-sdk/lib/lwip/src/core/ipv4/etharp.c.obj
                0x10010b48                etharp_query
 .text.etharp_output
                0x10010d08      0x24c led-mat/CMakeFiles/led-mat.dir/C_/Users/theka/source/repos/pico-sdk/lib/lwip/src/core/ipv4/etharp.c.obj
                0x10010d08                etharp_output
 .text.etharp_request
                0x10010f54       0x2c led-mat/CMakeFiles/led-mat.dir/C_/Users/theka/source/repos/pico-sdk/lib/lwip/src/core/ipv4/etharp.c.obj
                0x10010f54                etharp_request
 .text.icmp_input
                0x10010f80      0x1e8 led-mat/CMakeFiles/led-mat.dir/C_/Users/theka/source/repos/pico-sdk/lib/lwip/src/core/ipv4/icmp.c.obj
                0x10010f80                icmp_input
 .text.icmp_dest_unreach
                0x10011168       0xd0 led-mat/CMakeFiles/led-mat.dir/C_/Users/theka/source/repos/pico-sdk/lib/lwip/src/core/ipv4/icmp.c.obj
                0x10011168                icmp_dest_unreach
 .text.icmp_time_exceeded
                0x10011238       0xd0 led-mat/CMakeFiles/led-mat.dir/C_/Users/theka/source/repos/pico-sdk/lib/lwip/src/core/ipv4/icmp.c.obj
                0x10011238                icmp_time_exceeded
 .text.ip_reass_free_complete_datagram
                0x10011308      0x114 led-mat/CMakeFiles/led-mat.dir/C_/Users/theka/source/repos/pico-sdk/lib/lwip/src/core/ipv4/ip4_frag.c.obj
 .text.ip_reass_remove_oldest_datagram
                0x1001141c       0xd8 led-mat/CMakeFiles/led-mat.dir/C_/Users/theka/source/repos/pico-sdk/lib/lwip/src/core/ipv4/ip4_frag.c.obj
 .text.ip_reass_tmr
                0x100114f4       0x38 led-mat/CMakeFiles/led-mat.dir/C_/Users/theka/source/repos/pico-sdk/lib/lwip/src/core/ipv4/ip4_frag.c.obj
                0x100114f4                ip_reass_tmr
 .text.ip4_reass
                0x1001152c      0x534 led-mat/CMakeFiles/led-mat.dir/C_/Users/theka/source/repos/pico-sdk/lib/lwip/src/core/ipv4/ip4_frag.c.obj
                0x1001152c                ip4_reass
 .text.ip4_frag
                0x10011a60      0x17c led-mat/CMakeFiles/led-mat.dir/C_/Users/theka/source/repos/pico-sdk/lib/lwip/src/core/ipv4/ip4_frag.c.obj
                0x10011a60                ip4_frag
 .text.ip4_route
                0x10011bdc       0x7c led-mat/CMakeFiles/led-mat.dir/C_/Users/theka/source/repos/pico-sdk/lib/lwip/src/core/ipv4/ip4.c.obj
                0x10011bdc                ip4_route
 .text.ip4_input
                0x10011c58      0x2cc led-mat/CMakeFiles/led-mat.dir/C_/Users/theka/source/repos/pico-sdk/lib/lwip/src/core/ipv4/ip4.c.obj
                0x10011c58                ip4_input
 .text.ip4_output_if
                0x10011f24      0x190 led-mat/CMakeFiles/led-mat.dir/C_/Users/theka/source/repos/pico-sdk/lib/lwip/src/core/ipv4/ip4.c.obj
                0x10011f24                ip4_output_if
 .text.ip4_output_if_src
                0x100120b4      0x17c led-mat/CMakeFiles/led-mat.dir/C_/Users/theka/source/repos/pico-sdk/lib/lwip/src/core/ipv4/ip4.c.obj
                0x100120b4                ip4_output_if_src
 .text.ip4_addr_isbroadcast_u32
                0x10012230       0x3c led-mat/CMakeFiles/led-mat.dir/C_/Users/theka/source/repos/pico-sdk/lib/lwip/src/core/ipv4/ip4_addr.c.obj
                0x10012230                ip4_addr_isbroadcast_u32
 .text.ethernet_input
                0x1001226c       0xd0 led-mat/CMakeFiles/led-mat.dir/C_/Users/theka/source/repos/pico-sdk/lib/lwip/src/netif/ethernet.c.obj
                0x1001226c                ethernet_input
 .text.ethernet_output
                0x1001233c       0x6c led-mat/CMakeFiles/led-mat.dir/C_/Users/theka/source/repos/pico-sdk/lib/lwip/src/netif/ethernet.c.obj
                0x1001233c                ethernet_output
 .text.cyw43_arch_wifi_connect_bssid_until.part.0
                0x100123a8       0xd8 led-mat/CMakeFiles/led-mat.dir/C_/Users/theka/source/repos/pico-sdk/src/rp2_common/pico_cyw43_arch/cyw43_arch.c.obj
 .text.cyw43_arch_set_async_context
                0x10012480        0xc led-mat/CMakeFiles/led-mat.dir/C_/Users/theka/source/repos/pico-sdk/src/rp2_common/pico_cyw43_arch/cyw43_arch.c.obj
                0x10012480                cyw43_arch_set_async_context
 .text.cyw43_arch_enable_sta_mode
                0x1001248c       0x1c led-mat/CMakeFiles/led-mat.dir/C_/Users/theka/source/repos/pico-sdk/src/rp2_common/pico_cyw43_arch/cyw43_arch.c.obj
                0x1001248c                cyw43_arch_enable_sta_mode
 .text.cyw43_arch_wifi_connect_timeout_ms
                0x100124a8       0x9c led-mat/CMakeFiles/led-mat.dir/C_/Users/theka/source/repos/pico-sdk/src/rp2_common/pico_cyw43_arch/cyw43_arch.c.obj
                0x100124a8                cyw43_arch_wifi_connect_timeout_ms
 .text.cyw43_arch_gpio_put
                0x10012544       0x14 led-mat/CMakeFiles/led-mat.dir/C_/Users/theka/source/repos/pico-sdk/src/rp2_common/pico_cyw43_arch/cyw43_arch.c.obj
                0x10012544                cyw43_arch_gpio_put
 .text.cyw43_arch_async_context
                0x10012558        0xc led-mat/CMakeFiles/led-mat.dir/C_/Users/theka/source/repos/pico-sdk/src/rp2_common/pico_cyw43_arch/cyw43_arch.c.obj
                0x10012558                cyw43_arch_async_context
 .text.cyw43_arch_poll
                0x10012564       0x18 led-mat/CMakeFiles/led-mat.dir/C_/Users/theka/source/repos/pico-sdk/src/rp2_common/pico_cyw43_arch/cyw43_arch.c.obj
                0x10012564                cyw43_arch_poll
 .text.cyw43_arch_set_hostname
                0x1001257c       0x10 led-mat/CMakeFiles/led-mat.dir/C_/Users/theka/source/repos/pico-sdk/src/rp2_common/pico_cyw43_arch/cyw43_arch.c.obj
                0x1001257c                cyw43_arch_set_hostname
 .text.cyw43_arch_init
                0x1001258c       0x68 led-mat/CMakeFiles/led-mat.dir/C_/Users/theka/source/repos/pico-sdk/src/rp2_common/pico_cyw43_arch/cyw43_arch_poll.c.obj
                0x1001258c                cyw43_arch_init
 .text.ns_delay.constprop.0
                0x100125f4       0x20 led-mat/CMakeFiles/led-mat.dir/C_/Users/theka/source/repos/pico-sdk/src/rp2_common/pico_cyw43_driver/cyw43_bus_pio_spi.c.obj
 .text.cyw43_spi_init
                0x10012614      0x1c0 led-mat/CMakeFiles/led-mat.dir/C_/Users/theka/source/repos/pico-sdk/src/rp2_common/pico_cyw43_driver/cyw43_bus_pio_spi.c.obj
                0x10012614                cyw43_spi_init
 .text.cyw43_spi_deinit
                0x100127d4       0x6c led-mat/CMakeFiles/led-mat.dir/C_/Users/theka/source/repos/pico-sdk/src/rp2_common/pico_cyw43_driver/cyw43_bus_pio_spi.c.obj
                0x100127d4                cyw43_spi_deinit
 .text.cyw43_spi_transfer
                0x10012840      0x408 led-mat/CMakeFiles/led-mat.dir/C_/Users/theka/source/repos/pico-sdk/src/rp2_common/pico_cyw43_driver/cyw43_bus_pio_spi.c.obj
                0x10012840                cyw43_spi_transfer
 .text.cyw43_spi_gpio_setup
                0x10012c48       0x3c led-mat/CMakeFiles/led-mat.dir/C_/Users/theka/source/repos/pico-sdk/src/rp2_common/pico_cyw43_driver/cyw43_bus_pio_spi.c.obj
                0x10012c48                cyw43_spi_gpio_setup
 .text.cyw43_spi_reset
                0x10012c84       0x28 led-mat/CMakeFiles/led-mat.dir/C_/Users/theka/source/repos/pico-sdk/src/rp2_common/pico_cyw43_driver/cyw43_bus_pio_spi.c.obj
                0x10012c84                cyw43_spi_reset
 .text.read_reg_u32_swap
                0x10012cac       0x3c led-mat/CMakeFiles/led-mat.dir/C_/Users/theka/source/repos/pico-sdk/src/rp2_common/pico_cyw43_driver/cyw43_bus_pio_spi.c.obj
                0x10012cac                read_reg_u32_swap
 .text.cyw43_read_reg_u32
                0x10012ce8       0x6c led-mat/CMakeFiles/led-mat.dir/C_/Users/theka/source/repos/pico-sdk/src/rp2_common/pico_cyw43_driver/cyw43_bus_pio_spi.c.obj
                0x10012ce8                cyw43_read_reg_u32
 .text.cyw43_read_reg_u16
                0x10012d54       0x6c led-mat/CMakeFiles/led-mat.dir/C_/Users/theka/source/repos/pico-sdk/src/rp2_common/pico_cyw43_driver/cyw43_bus_pio_spi.c.obj
                0x10012d54                cyw43_read_reg_u16
 .text.cyw43_read_reg_u8
                0x10012dc0       0x6c led-mat/CMakeFiles/led-mat.dir/C_/Users/theka/source/repos/pico-sdk/src/rp2_common/pico_cyw43_driver/cyw43_bus_pio_spi.c.obj
                0x10012dc0                cyw43_read_reg_u8
 .text.write_reg_u32_swap
                0x10012e2c      0x1e0 led-mat/CMakeFiles/led-mat.dir/C_/Users/theka/source/repos/pico-sdk/src/rp2_common/pico_cyw43_driver/cyw43_bus_pio_spi.c.obj
                0x10012e2c                write_reg_u32_swap
 .text.cyw43_write_reg_u32
                0x1001300c      0x200 led-mat/CMakeFiles/led-mat.dir/C_/Users/theka/source/repos/pico-sdk/src/rp2_common/pico_cyw43_driver/cyw43_bus_pio_spi.c.obj
                0x1001300c                cyw43_write_reg_u32
 .text.cyw43_write_reg_u16
                0x1001320c      0x200 led-mat/CMakeFiles/led-mat.dir/C_/Users/theka/source/repos/pico-sdk/src/rp2_common/pico_cyw43_driver/cyw43_bus_pio_spi.c.obj
                0x1001320c                cyw43_write_reg_u16
 .text.cyw43_write_reg_u8
                0x1001340c      0x200 led-mat/CMakeFiles/led-mat.dir/C_/Users/theka/source/repos/pico-sdk/src/rp2_common/pico_cyw43_driver/cyw43_bus_pio_spi.c.obj
                0x1001340c                cyw43_write_reg_u8
 .text.cyw43_read_bytes
                0x1001360c       0x8c led-mat/CMakeFiles/led-mat.dir/C_/Users/theka/source/repos/pico-sdk/src/rp2_common/pico_cyw43_driver/cyw43_bus_pio_spi.c.obj
                0x1001360c                cyw43_read_bytes
 .text.cyw43_write_bytes
                0x10013698       0xd8 led-mat/CMakeFiles/led-mat.dir/C_/Users/theka/source/repos/pico-sdk/src/rp2_common/pico_cyw43_driver/cyw43_bus_pio_spi.c.obj
                0x10013698                cyw43_write_bytes
 .text.cyw43_set_backplane_window
                0x10013770       0x64 led-mat/CMakeFiles/led-mat.dir/C_/Users/theka/source/repos/pico-sdk/lib/cyw43-driver/src/cyw43_ll.c.obj
 .text.cyw43_ll_parse_async_event
                0x100137d4      0x13c led-mat/CMakeFiles/led-mat.dir/C_/Users/theka/source/repos/pico-sdk/lib/cyw43-driver/src/cyw43_ll.c.obj
 .text.cyw43_kso_set
                0x10013910       0xa0 led-mat/CMakeFiles/led-mat.dir/C_/Users/theka/source/repos/pico-sdk/lib/cyw43-driver/src/cyw43_ll.c.obj
 .text.cyw43_ll_sdpcm_poll_device
                0x100139b0      0x244 led-mat/CMakeFiles/led-mat.dir/C_/Users/theka/source/repos/pico-sdk/lib/cyw43-driver/src/cyw43_ll.c.obj
 .text.cyw43_sdpcm_send_common
                0x10013bf4       0xf0 led-mat/CMakeFiles/led-mat.dir/C_/Users/theka/source/repos/pico-sdk/lib/cyw43-driver/src/cyw43_ll.c.obj
 .text.cyw43_do_ioctl
                0x10013ce4      0x110 led-mat/CMakeFiles/led-mat.dir/C_/Users/theka/source/repos/pico-sdk/lib/cyw43-driver/src/cyw43_ll.c.obj
 .text.cyw43_do_ioctl.constprop.0
                0x10013df4      0x108 led-mat/CMakeFiles/led-mat.dir/C_/Users/theka/source/repos/pico-sdk/lib/cyw43-driver/src/cyw43_ll.c.obj
 .text.reset_device_core.constprop.0
                0x10013efc      0x3f0 led-mat/CMakeFiles/led-mat.dir/C_/Users/theka/source/repos/pico-sdk/lib/cyw43-driver/src/cyw43_ll.c.obj
 .text.cyw43_ll_init
                0x100142ec       0x18 led-mat/CMakeFiles/led-mat.dir/C_/Users/theka/source/repos/pico-sdk/lib/cyw43-driver/src/cyw43_ll.c.obj
                0x100142ec                cyw43_ll_init
 .text.cyw43_ll_deinit
                0x10014304        0x8 led-mat/CMakeFiles/led-mat.dir/C_/Users/theka/source/repos/pico-sdk/lib/cyw43-driver/src/cyw43_ll.c.obj
                0x10014304                cyw43_ll_deinit
 .text.cyw43_ll_send_ethernet
                0x1001430c       0x60 led-mat/CMakeFiles/led-mat.dir/C_/Users/theka/source/repos/pico-sdk/lib/cyw43-driver/src/cyw43_ll.c.obj
                0x1001430c                cyw43_ll_send_ethernet
 .text.cyw43_ll_process_packets
                0x1001436c       0x68 led-mat/CMakeFiles/led-mat.dir/C_/Users/theka/source/repos/pico-sdk/lib/cyw43-driver/src/cyw43_ll.c.obj
                0x1001436c                cyw43_ll_process_packets
 .text.cyw43_ll_ioctl
                0x100143d4       0x20 led-mat/CMakeFiles/led-mat.dir/C_/Users/theka/source/repos/pico-sdk/lib/cyw43-driver/src/cyw43_ll.c.obj
                0x100143d4                cyw43_ll_ioctl
 .text.cyw43_ll_bus_sleep
                0x100143f4       0x34 led-mat/CMakeFiles/led-mat.dir/C_/Users/theka/source/repos/pico-sdk/lib/cyw43-driver/src/cyw43_ll.c.obj
                0x100143f4                cyw43_ll_bus_sleep
 .text.cyw43_ll_bus_init
                0x10014428      0xcac led-mat/CMakeFiles/led-mat.dir/C_/Users/theka/source/repos/pico-sdk/lib/cyw43-driver/src/cyw43_ll.c.obj
                0x10014428                cyw43_ll_bus_init
 .text.cyw43_ll_wifi_on
                0x100150d4      0x240 led-mat/CMakeFiles/led-mat.dir/C_/Users/theka/source/repos/pico-sdk/lib/cyw43-driver/src/cyw43_ll.c.obj
                0x100150d4                cyw43_ll_wifi_on
 .text.cyw43_ll_wifi_get_mac
                0x10015314       0x44 led-mat/CMakeFiles/led-mat.dir/C_/Users/theka/source/repos/pico-sdk/lib/cyw43-driver/src/cyw43_ll.c.obj
                0x10015314                cyw43_ll_wifi_get_mac
 .text.cyw43_ll_wifi_pm
                0x10015358      0x194 led-mat/CMakeFiles/led-mat.dir/C_/Users/theka/source/repos/pico-sdk/lib/cyw43-driver/src/cyw43_ll.c.obj
                0x10015358                cyw43_ll_wifi_pm
 .text.cyw43_ll_wifi_join
                0x100154ec      0x30c led-mat/CMakeFiles/led-mat.dir/C_/Users/theka/source/repos/pico-sdk/lib/cyw43-driver/src/cyw43_ll.c.obj
                0x100154ec                cyw43_ll_wifi_join
 .text.cyw43_ll_wifi_set_wpa_auth
                0x100157f8       0x2c led-mat/CMakeFiles/led-mat.dir/C_/Users/theka/source/repos/pico-sdk/lib/cyw43-driver/src/cyw43_ll.c.obj
                0x100157f8                cyw43_ll_wifi_set_wpa_auth
 .text.cyw43_ll_wifi_rejoin
                0x10015824       0x1c led-mat/CMakeFiles/led-mat.dir/C_/Users/theka/source/repos/pico-sdk/lib/cyw43-driver/src/cyw43_ll.c.obj
                0x10015824                cyw43_ll_wifi_rejoin
 .text.cyw43_ll_wifi_ap_init
                0x10015840      0x2c4 led-mat/CMakeFiles/led-mat.dir/C_/Users/theka/source/repos/pico-sdk/lib/cyw43-driver/src/cyw43_ll.c.obj
                0x10015840                cyw43_ll_wifi_ap_init
 .text.cyw43_ll_wifi_ap_set_up
                0x10015b04       0x54 led-mat/CMakeFiles/led-mat.dir/C_/Users/theka/source/repos/pico-sdk/lib/cyw43-driver/src/cyw43_ll.c.obj
                0x10015b04                cyw43_ll_wifi_ap_set_up
 .text.cyw43_ll_gpio_set
                0x10015b58       0x6c led-mat/CMakeFiles/led-mat.dir/C_/Users/theka/source/repos/pico-sdk/lib/cyw43-driver/src/cyw43_ll.c.obj
                0x10015b58                cyw43_ll_gpio_set
 .text.cyw43_ll_has_work
                0x10015bc4       0x14 led-mat/CMakeFiles/led-mat.dir/C_/Users/theka/source/repos/pico-sdk/lib/cyw43-driver/src/cyw43_ll.c.obj
                0x10015bc4                cyw43_ll_has_work
 .text.cyw43_netif_init
                0x10015bd8       0x3c led-mat/CMakeFiles/led-mat.dir/C_/Users/theka/source/repos/pico-sdk/lib/cyw43-driver/src/cyw43_lwip.c.obj
 .text.cyw43_netif_output
                0x10015c14       0x34 led-mat/CMakeFiles/led-mat.dir/C_/Users/theka/source/repos/pico-sdk/lib/cyw43-driver/src/cyw43_lwip.c.obj
 .text.cyw43_cb_set_hostname
                0x10015c48        0xc led-mat/CMakeFiles/led-mat.dir/C_/Users/theka/source/repos/pico-sdk/lib/cyw43-driver/src/cyw43_lwip.c.obj
                0x10015c48                cyw43_cb_set_hostname
 .text.cyw43_cb_tcpip_init
                0x10015c54      0x104 led-mat/CMakeFiles/led-mat.dir/C_/Users/theka/source/repos/pico-sdk/lib/cyw43-driver/src/cyw43_lwip.c.obj
                0x10015c54                cyw43_cb_tcpip_init
 .text.cyw43_cb_tcpip_deinit
                0x10015d58       0x4c led-mat/CMakeFiles/led-mat.dir/C_/Users/theka/source/repos/pico-sdk/lib/cyw43-driver/src/cyw43_lwip.c.obj
                0x10015d58                cyw43_cb_tcpip_deinit
 .text.cyw43_cb_process_ethernet
                0x10015da4       0x68 led-mat/CMakeFiles/led-mat.dir/C_/Users/theka/source/repos/pico-sdk/lib/cyw43-driver/src/cyw43_lwip.c.obj
                0x10015da4                cyw43_cb_process_ethernet
 .text.cyw43_cb_tcpip_set_link_up
                0x10015e0c       0x18 led-mat/CMakeFiles/led-mat.dir/C_/Users/theka/source/repos/pico-sdk/lib/cyw43-driver/src/cyw43_lwip.c.obj
                0x10015e0c                cyw43_cb_tcpip_set_link_up
 .text.cyw43_cb_tcpip_set_link_down
                0x10015e24       0x18 led-mat/CMakeFiles/led-mat.dir/C_/Users/theka/source/repos/pico-sdk/lib/cyw43-driver/src/cyw43_lwip.c.obj
                0x10015e24                cyw43_cb_tcpip_set_link_down
 .text.cyw43_tcpip_link_status
                0x10015e3c       0x34 led-mat/CMakeFiles/led-mat.dir/C_/Users/theka/source/repos/pico-sdk/lib/cyw43-driver/src/cyw43_lwip.c.obj
                0x10015e3c                cyw43_tcpip_link_status
 .text.cyw43_poll_func
                0x10015e70       0xbc led-mat/CMakeFiles/led-mat.dir/C_/Users/theka/source/repos/pico-sdk/lib/cyw43-driver/src/cyw43_ctrl.c.obj
 .text.cyw43_init
                0x10015f2c       0x78 led-mat/CMakeFiles/led-mat.dir/C_/Users/theka/source/repos/pico-sdk/lib/cyw43-driver/src/cyw43_ctrl.c.obj
                0x10015f2c                cyw43_init
 .text.cyw43_deinit
                0x10015fa4       0x9c led-mat/CMakeFiles/led-mat.dir/C_/Users/theka/source/repos/pico-sdk/lib/cyw43-driver/src/cyw43_ctrl.c.obj
                0x10015fa4                cyw43_deinit
 .text.cyw43_cb_read_host_interrupt_pin
                0x10016040        0xc led-mat/CMakeFiles/led-mat.dir/C_/Users/theka/source/repos/pico-sdk/lib/cyw43-driver/src/cyw43_ctrl.c.obj
                0x10016040                cyw43_cb_read_host_interrupt_pin
 .text.cyw43_cb_ensure_awake
                0x1001604c        0xc led-mat/CMakeFiles/led-mat.dir/C_/Users/theka/source/repos/pico-sdk/lib/cyw43-driver/src/cyw43_ctrl.c.obj
                0x1001604c                cyw43_cb_ensure_awake
 .text.cyw43_cb_process_async_event
                0x10016058      0x238 led-mat/CMakeFiles/led-mat.dir/C_/Users/theka/source/repos/pico-sdk/lib/cyw43-driver/src/cyw43_ctrl.c.obj
                0x10016058                cyw43_cb_process_async_event
 .text.cyw43_send_ethernet
                0x10016290       0xc0 led-mat/CMakeFiles/led-mat.dir/C_/Users/theka/source/repos/pico-sdk/lib/cyw43-driver/src/cyw43_ctrl.c.obj
                0x10016290                cyw43_send_ethernet
 .text.cyw43_wifi_get_mac
                0x10016350       0x10 led-mat/CMakeFiles/led-mat.dir/C_/Users/theka/source/repos/pico-sdk/lib/cyw43-driver/src/cyw43_ctrl.c.obj
                0x10016350                cyw43_wifi_get_mac
 .text.cyw43_wifi_set_up
                0x10016360      0x300 led-mat/CMakeFiles/led-mat.dir/C_/Users/theka/source/repos/pico-sdk/lib/cyw43-driver/src/cyw43_ctrl.c.obj
                0x10016360                cyw43_wifi_set_up
 .text.cyw43_wifi_link_status
                0x10016660       0x3c led-mat/CMakeFiles/led-mat.dir/C_/Users/theka/source/repos/pico-sdk/lib/cyw43-driver/src/cyw43_ctrl.c.obj
                0x10016660                cyw43_wifi_link_status
 .text.cyw43_wifi_join
                0x1001669c       0xf8 led-mat/CMakeFiles/led-mat.dir/C_/Users/theka/source/repos/pico-sdk/lib/cyw43-driver/src/cyw43_ctrl.c.obj
                0x1001669c                cyw43_wifi_join
 .text.cyw43_gpio_set
                0x10016794       0xa4 led-mat/CMakeFiles/led-mat.dir/C_/Users/theka/source/repos/pico-sdk/lib/cyw43-driver/src/cyw43_ctrl.c.obj
                0x10016794                cyw43_gpio_set
 .text.dma_channel_unclaim
                0x10016838       0x10 led-mat/CMakeFiles/led-mat.dir/C_/Users/theka/source/repos/pico-sdk/src/rp2_common/hardware_dma/dma.c.obj
                0x10016838                dma_channel_unclaim
 .text.dma_claim_unused_channel
                0x10016848       0x20 led-mat/CMakeFiles/led-mat.dir/C_/Users/theka/source/repos/pico-sdk/src/rp2_common/hardware_dma/dma.c.obj
                0x10016848                dma_claim_unused_channel
 .text.cyw43_sleep_timeout_reached
                0x10016868       0x10 led-mat/CMakeFiles/led-mat.dir/C_/Users/theka/source/repos/pico-sdk/src/rp2_common/pico_cyw43_driver/cyw43_driver.c.obj
 .text.cyw43_irq_init
                0x10016878       0x28 led-mat/CMakeFiles/led-mat.dir/C_/Users/theka/source/repos/pico-sdk/src/rp2_common/pico_cyw43_driver/cyw43_driver.c.obj
                0x10016878                cyw43_irq_init
 .text.cyw43_irq_deinit
                0x100168a0       0x20 led-mat/CMakeFiles/led-mat.dir/C_/Users/theka/source/repos/pico-sdk/src/rp2_common/pico_cyw43_driver/cyw43_driver.c.obj
                0x100168a0                cyw43_irq_deinit
 .text.cyw43_gpio_irq_handler
                0x100168c0       0x44 led-mat/CMakeFiles/led-mat.dir/C_/Users/theka/source/repos/pico-sdk/src/rp2_common/pico_cyw43_driver/cyw43_driver.c.obj
 .text.cyw43_do_poll
                0x10016904       0x6c led-mat/CMakeFiles/led-mat.dir/C_/Users/theka/source/repos/pico-sdk/src/rp2_common/pico_cyw43_driver/cyw43_driver.c.obj
 .text.cyw43_post_poll_hook